 voVP6Dec

 Timestamp is 51064479 (Mon Jan 28 17:27:21 2013)

 Preferred load address is 10000000

 Start         Length     Name                   Class
 0001:00000000 000372a9H .textbss                DATA
 0002:00000000 0007190cH .text                   CODE
 0002:00071910 00001161H .text$x                 CODE
 0003:00000000 00000104H .CRT$XCA                DATA
 0003:00000104 00000104H .CRT$XCZ                DATA
 0003:00000208 00000104H .CRT$XIA                DATA
 0003:0000030c 00000113H .CRT$XIC                DATA
 0003:00000420 00000104H .CRT$XIZ                DATA
 0003:00000524 00000104H .CRT$XPA                DATA
 0003:00000628 00000109H .CRT$XPX                DATA
 0003:00000734 00000104H .CRT$XPXA               DATA
 0003:00000838 00000104H .CRT$XPZ                DATA
 0003:0000093c 00000104H .CRT$XTA                DATA
 0003:00000a40 00000104H .CRT$XTZ                DATA
 0003:00000b50 000126f1H .rdata                  DATA
 0003:00013244 0000016fH .rdata$debug            DATA
 0003:000133b4 0000032fH .rdata$r                DATA
 0003:000136e4 00000104H .rtc$IAA                DATA
 0003:000137e8 00000104H .rtc$IZZ                DATA
 0003:000138ec 00000104H .rtc$TAA                DATA
 0003:000139f0 00000104H .rtc$TZZ                DATA
 0003:00013af8 0000111eH .xdata$x                DATA
 0003:00014c20 0000015dH .edata                  DATA
 0004:00000000 00001655H .data                   DATA
 0004:00001660 00002750H .bss                    DATA
 0005:00000000 00000014H .idata$2                DATA
 0005:00000014 00000014H .idata$3                DATA
 0005:00000028 000001f8H .idata$4                DATA
 0005:00000220 000001f8H .idata$5                DATA
 0005:00000418 0000089dH .idata$6                DATA
 0006:00000000 00000169H .rsrc$01                DATA
 0006:00000170 00000a99H .rsrc$02                DATA

  Address         Publics by Value              Rva+Base       Lib:Object

 0000:00000000       __except_list              00000000     <absolute>
 0000:00000000       ___safe_se_handler_count   00000000     <absolute>
 0000:00000000       ___safe_se_handler_table   00000000     <absolute>
 0000:00000000       ___ImageBase               10000000     <linker-defined>
 0001:00000000       __enc$textbss$begin        10001000     <linker-defined>
 0001:000372a9       __enc$textbss$end          100382a9     <linker-defined>
 0002:00002c20       _voVP6DecInit              1003bc20 f   voVP6DecFront.obj
 0002:00002d30       _voVP6DecProcess           1003bd30 f   voVP6DecFront.obj
 0002:00002e80       _voVP6DecUninit            1003be80 f   voVP6DecFront.obj
 0002:00002ec0       _voVP6DecSetParameter      1003bec0 f   voVP6DecFront.obj
 0002:00002fd0       _voVP6DecGetParameter      1003bfd0 f   voVP6DecFront.obj
 0002:00003130       _voVP6DecSetInputData      1003c130 f   voVP6DecFront.obj
 0002:000031e0       _voVP6DecGetOutputData     1003c1e0 f   voVP6DecFront.obj
 0002:00003220       _voGetVP6DecAPI            1003c220 f   voVP6DecFront.obj
 0002:00003410       _voVP6Dec00000052          1003c410 f   build.obj
 0002:00003530       _voVP6Dec00000084          1003c530 f   com_globals.obj
 0002:00003a70       _voVP6Dec00000044          1003ca70 f   com_globals.obj
 0002:00003c80       _voVP6Dec00000073          1003cc80 f   com_globals.obj
 0002:00003cf0       _voVP6Dec00000077          1003ccf0 f   com_globals.obj
 0002:00003d50       _voVP6Dec00000047          1003cd50 f   com_globals.obj
 0002:00003dd0       _voVP6Dec00000072          1003cdd0 f   com_globals.obj
 0002:00003ee0       _voVP6Dec00000045          1003cee0 f   com_globals.obj
 0002:00003ff0       _voVP6Dec00000074          1003cff0 f   com_globals.obj
 0002:00004020       _voVP6Dec00000046          1003d020 f   com_globals.obj
 0002:00004060       _voVP6Dec00000083          1003d060 f   com_globals.obj
 0002:000042f0       _voVP6Dec00000027          1003d2f0 f   com_globals.obj
 0002:00004300       _voVP6Dec00000042          1003d300 f   com_globals.obj
 0002:00004700       _voVP6Dec00000100          1003d700 f   context.obj
 0002:00004770       _voVP6Dec00000099          1003d770 f   context.obj
 0002:00004980       _voVP6Dec00000039          1003d980 f   crecon.obj
 0002:00004bf0       _voVP6Dec00000035          1003dbf0 f   crecon.obj
 0002:00004d00       _voVP6Dec00000041          1003dd00 f   crecon.obj
 0002:00004dc0       _voVP6Dec00000112          1003ddc0 f   crecon.obj
 0002:00004eb0       _voVP6Dec00000093          1003deb0 f   crecon.obj
 0002:00005600       _voVP6Dec00000111          1003e600 f   dquantize.obj
 0002:00005690       _voVP6Dec00000105          1003e690 f   dquantize.obj
 0002:000056e0       _voVP6Dec00000076          1003e6e0 f   dquantize.obj
 0002:00005710       _voVP6Dec00000059          1003e710 f   dquantize.obj
 0002:000057b0       _voVP6Dec00000002          1003e7b0 f   entropysetup.obj
 0002:000059a0       _voVP6Dec00000114          1003e9a0 f   entropysetup.obj
 0002:00005c10       _voVP6Dec00000050          1003ec10 f   huffman.obj
 0002:00005f40       _voVP6Dec00000049          1003ef40 f   huffman.obj
 0002:00006190       _voVP6Dec00000079          1003f190 f   loopfilter.obj
 0002:000062d0       _voVP6Dec00000080          1003f2d0 f   loopfilter.obj
 0002:00006420       _voVP6Dec00000051          1003f420 f   ModeMv.obj
 0002:00006730       _voVP6Dec00000081          1003f730 f   ModeMv.obj
 0002:000069f0       _voVP6Dec00000054          1003f9f0 f   TokenEntropy.obj
 0002:00006b40       _voVP6Dec00000065          1003fb40 f   boolhuff.obj
 0002:00006c50       _voVP6Dec00000066          1003fc50 f   boolhuff.obj
 0002:00006d20       _voVP6Dec00000101          1003fd20 f   boolhuff.obj
 0002:00006e40       _voVP6Dec00000057          1003fe40 f   decodembs.obj
 0002:00007100       _voVP6Dec00000055          10040100 f   decodembs.obj
 0002:00007500       _voVP6Dec00000092          10040500 f   decodembs.obj
 0002:00007650       _voVP6Dec00000067          10040650 f   decodembs.obj
 0002:00007f40       _voVP6Dec00000124          10040f40 f i decodembs.obj
 0002:000080e0       _voVP6Dec00000069          100410e0 f i decodembs.obj
 0002:00008210       _voVP6Dec00000109          10041210 f   decodemode.obj
 0002:00008350       _voVP6Dec00000071          10041350 f   decodemode.obj
 0002:00008550       _voVP6Dec00000064          10041550 f   decodemode.obj
 0002:000085d0       _voVP6Dec00000070          100415d0 f   decodemode.obj
 0002:00008760       _voVP6Dec00000108          10041760 f   decodemode.obj
 0002:00008ed0       _voVP6Dec00000056          10041ed0 f   decodemv.obj
 0002:00009160       _voVP6Dec00000110          10042160 f   decodemv.obj
 0002:000096c0       _voVP6Dec00000106          100426c0 f   DFrameR.obj
 0002:00009710       _voVP6Dec00000107          10042710 f   DFrameR.obj
 0002:00009730       _voVP6Dec00000024          10042730 f   DFrameR.obj
 0002:00009790       _voVP6Dec00000033          10042790 f   DFrameR.obj
 0002:00009870       _voVP6Dec00000086          10042870 f   DFrameR.obj
 0002:0000a390       _voVP6Dec00000133          10043390 f   DSystemDependant.obj
 0002:0000a430       _voVP6Dec00000060          10043430 f   DSystemDependant.obj
 0002:0000a4e0       _voVP6Dec00000023          100434e0 f   idct.obj
 0002:0000bcc0       _voVP6Dec00000022          10044cc0 f   idct.obj
 0002:0000d340       _voVP6Dec00000021          10046340 f   idct.obj
 0002:0000e380       _IDctSlow_G                10047380 f   idct_old.obj
 0002:0000ee90       _IDct10_G                  10047e90 f   idct_old.obj
 0002:0000f830       _IDct1_G                   10048830 f   idct_old.obj
 0002:0000fdc0       _voVP6Dec00000075          10048dc0 f   pb_globals.obj
 0002:0000fe20       _voVP6Dec00000058          10048e20 f   pb_globals.obj
 0002:0000ffa0       _voVP6Dec00000098          10048fa0 f   readtokens_arith.obj
 0002:000131e0       _voVP6Dec00000034          1004c1e0 f   readtokens_huff.obj
 0002:000139b0       _voVP6Dec00000117          1004c9b0 f i readtokens_huff.obj
 0002:00013aa0       _voVP6Dec00000118          1004caa0 f i readtokens_huff.obj
 0002:00013b50       _voVP6Dec00000119          1004cb50 f i readtokens_huff.obj
 0002:00013be0       _voVP6Dec00000116          1004cbe0 f i readtokens_huff.obj
 0002:00013c70       _voVP6Dec00000014          1004cc70 f   reconmb.obj
 0002:00013d70       _voVP6Dec00000018          1004cd70 f   reconmb.obj
 0002:00013e60       _voVP6Dec00000019          1004ce60 f   reconmb.obj
 0002:00013f40       _voVP6Dec00000020          1004cf40 f   reconmb.obj
 0002:00013f90       _voVP6Dec00000013          1004cf90 f   reconmb.obj
 0002:00014030       _voVP6Dec00000015          1004d030 f   reconmb.obj
 0002:000140c0       _voVP6Dec00000016          1004d0c0 f   reconmb.obj
 0002:00014150       _voVP6Dec00000017          1004d150 f   reconmb.obj
 0002:000141a0       _voVP6Dec00000012          1004d1a0 f   reconmb.obj
 0002:000142f0       _voVP6Dec00000037          1004d2f0 f   reconmb.obj
 0002:00014400       _voVP6Dec00000036          1004d400 f   reconmb.obj
 0002:00014570       _voVP6Dec00000094          1004d570 f   reconmb.obj
 0002:00014c30       _voVP6Dec00000095          1004dc30 f   reconmb.obj
 0002:00015540       _voVP6Dec00000085          1004e540 f   vfwpbdll_if.obj
 0002:00015560       _voVP6Dec00000102          1004e560 f   vfwpbdll_if.obj
 0002:00015630       _voVP6Dec00000122          1004e630 f   vfwpbdll_if.obj
 0002:000157b0       _voVP6Dec00000068          1004e7b0 f   vfwpbdll_if.obj
 0002:00015cb0       _voVP6Dec00000103          1004ecb0 f   vfwpbdll_if.obj
 0002:00015d00       _voVP6Dec00000078          1004ed00 f   vfwpbdll_if.obj
 0002:00015f00       _voVP6Dec00000120          1004ef00 f   voVideoFrameBufManager.obj
 0002:00015fb0       _voVP6Dec00000135          1004efb0 f   voVideoFrameBufManager.obj
 0002:000160b0       _voVP6Dec00000128          1004f0b0 f   on2_mem.obj
 0002:00016100       _voVP6Dec00000127          1004f100 f   on2_mem.obj
 0002:00016120       _voVP6Dec00000125          1004f120 f   on2_mem.obj
 0002:00016160       _voVP6Dec00000132          1004f160 f   on2_mem.obj
 0002:00016200       _voVP6Dec00000126          1004f200 f   on2_mem.obj
 0002:00016230       _voVP6Dec00000129          1004f230 f   on2_mem.obj
 0002:00016250       _voVP6Dec00000131          1004f250 f   on2_mem.obj
 0002:00016270       _voVP6Dec00000130          1004f270 f   on2_mem.obj
 0002:00016300       _voVP6Dec00000030          1004f300 f   yv12config.obj
 0002:00016340       _voVP6Dec00000028          1004f340 f   yv12config.obj
 0002:000164b0       _voVP6Dec00000029          1004f4b0 f   yv12config.obj
 0002:000165c0       _voVP6Dec00000031          1004f5c0 f   yv12extend.obj
 0002:00016980       _voVP6Dec00000032          1004f980 f   yv12extend.obj
 0002:00016c50       _CXdDrpfiZSDHNmrSFsLRghK   1004fc50 f   voCheck:LibCheckLicense.obj
 0002:00016fe0       _ERnvLvLtpmUoCMSinzHKkiN   1004ffe0 f   voCheck:LibCheckLicense.obj
 0002:00017070       _FZuBkrXZiIapLCsIfrbasmY   10050070 f   voCheck:LibCheckLicense.obj
 0002:00017110       _CWpboQKCZfVYfvlkYOpBbwa   10050110 f   voCheck:LibCheckLicense.obj
 0002:00017300       _GACDWYGJvDfvrwxGUqrRSBD   10050300 f   voCheck:LibCheckLicense.obj
 0002:000173b0       _OQeZWXmERrvfafUuehzNwp    100503b0 f   voCheck:LibCheckLicense.obj
 0002:00017460       _HogAZKvyHjoHGdcNJBFlhG    10050460 f   voCheck:LibCheckLicense.obj
 0002:000179a0       _ELWZflsMZUCfkIojVuMHfYt   100509a0 f   voCheck:LibCheckLicense.obj
 0002:00017ec0       _DcAFNgUjsmcyhBWsrzESmeA   10050ec0 f   voCheck:LibCheckLicense.obj
 0002:00017f60       _EzqyEamHvGwHgsCczqZsnNR   10050f60 f   voCheck:LibCheckLicense.obj
 0002:00018230       _CfiYpmPlVSfjfGmITmouoXA   10051230 f   voCheck:LibCheckLicense.obj
 0002:00018530       _FmlOnDeZkAVXabwPtmKdcwB   10051530 f   voCheck:LibCheckLicense.obj
 0002:00018650       _EzeqRoOCltXbCfIhCQxXzGW   10051650 f   voCheck:LibCheckLicense.obj
 0002:00018b9a       _FreeLibrary@4             10051b9a f   kernel32:KERNEL32.dll
 0002:00018ba0       _GetProcAddress@8          10051ba0 f   kernel32:KERNEL32.dll
 0002:00018ba6       _LoadLibraryW@4            10051ba6 f   kernel32:KERNEL32.dll
 0002:00018bac       _GetModuleFileNameW@12     10051bac f   kernel32:KERNEL32.dll
 0002:00018bc0       _fclose                    10051bc0 f   LIBCMTD:fclose.obj
 0002:00018d10       __fclose_nolock            10051d10 f   LIBCMTD:fclose.obj
 0002:00018e50       _fwrite                    10051e50 f   LIBCMTD:fwrite.obj
 0002:00018fa0       __fwrite_nolock            10051fa0 f   LIBCMTD:fwrite.obj
 0002:00019460       __fsopen                   10052460 f   LIBCMTD:fopen.obj
 0002:000196f0       _fopen                     100526f0 f   LIBCMTD:fopen.obj
 0002:00019710       _fopen_s                   10052710 f   LIBCMTD:fopen.obj
 0002:000197e0       _memset                    100527e0 f   LIBCMTD:memset.obj
 0002:00019880       _memcpy                    10052880 f   LIBCMTD:memcpy.obj
 0002:00019cc0       _abs                       10052cc0 f   LIBCMTD:abs.obj
 0002:00019cf0       __abs64                    10052cf0 f   LIBCMTD:abs.obj
 0002:00019d50       _malloc                    10052d50 f   LIBCMTD:dbgmalloc.obj
 0002:00019d90       _realloc                   10052d90 f   LIBCMTD:dbgrealloc.obj
 0002:00019dc0       _free                      10052dc0 f   LIBCMTD:dbgfree.obj
 0002:00019de0       _memmove                   10052de0 f   LIBCMTD:memmove.obj
 0002:0001a220       __CRT_INIT@12              10053220 f   LIBCMTD:dllcrt0.obj
 0002:0001a460       __DllMainCRTStartup@12     10053460 f   LIBCMTD:dllcrt0.obj
 0002:0001a6c0       _srand                     100536c0 f   LIBCMTD:rand.obj
 0002:0001a6e0       _rand                      100536e0 f   LIBCMTD:rand.obj
 0002:0001a730       _memcmp                    10053730 f   LIBCMTD:memcmp.obj
 0002:0001b450       _wcscat                    10054450 f   LIBCMTD:wcscat.obj
 0002:0001b4c0       _wcscpy                    100544c0 f   LIBCMTD:wcscat.obj
 0002:0001b510       _wcsrchr                   10054510 f   LIBCMTD:wcsrchr.obj
 0002:0001b590       _strcpy                    10054590 f   LIBCMTD:strcat.obj
 0002:0001b5a0       _strcat                    100545a0 f   LIBCMTD:strcat.obj
 0002:0001b6d0       @__security_check_cookie@4 100546d0 f   LIBCMTD:secchk.obj
 0002:0001b6f0       ___iob_func                100546f0 f   LIBCMTD:_file.obj
 0002:0001b700       ___initstdio               10054700 f   LIBCMTD:_file.obj
 0002:0001b8a0       ___endstdio                100548a0 f   LIBCMTD:_file.obj
 0002:0001b8e0       __lock_file                100548e0 f   LIBCMTD:_file.obj
 0002:0001b950       __lock_file2               10054950 f   LIBCMTD:_file.obj
 0002:0001b9a0       __unlock_file              100549a0 f   LIBCMTD:_file.obj
 0002:0001ba10       __unlock_file2             10054a10 f   LIBCMTD:_file.obj
 0002:0001ba60       __initp_misc_invarg        10054a60 f   LIBCMTD:invarg.obj
 0002:0001ba80       __invalid_parameter        10054a80 f   LIBCMTD:invarg.obj
 0002:0001bb10       __invoke_watson            10054b10 f   LIBCMTD:invarg.obj
 0002:0001bcb0       __set_invalid_parameter_handler 10054cb0 f   LIBCMTD:invarg.obj
 0002:0001bd10       __get_invalid_parameter_handler 10054d10 f   LIBCMTD:invarg.obj
 0002:0001bd50       ?_invalid_parameter@@YAXPBG00II@Z 10054d50 f   LIBCMTD:invarg.obj
 0002:0001bd80       ?_invoke_watson@@YAXPBG00II@Z 10054d80 f   LIBCMTD:invarg.obj
 0002:0001bdb0       __dosmaperr                10054db0 f   LIBCMTD:dosmap.obj
 0002:0001bdf0       __get_errno_from_oserr     10054df0 f   LIBCMTD:dosmap.obj
 0002:0001be90       __set_errno                10054e90 f   LIBCMTD:dosmap.obj
 0002:0001bed0       __get_errno                10054ed0 f   LIBCMTD:dosmap.obj
 0002:0001bf70       __set_doserrno             10054f70 f   LIBCMTD:dosmap.obj
 0002:0001bfb0       __get_doserrno             10054fb0 f   LIBCMTD:dosmap.obj
 0002:0001c050       __errno                    10055050 f   LIBCMTD:dosmap.obj
 0002:0001c080       ___doserrno                10055080 f   LIBCMTD:dosmap.obj
 0002:0001c0b0       __CrtSetReportHookW2       100550b0 f   LIBCMTD:dbgrptw.obj
 0002:0001c4a0       __CrtDbgReportW            100554a0 f   LIBCMTD:dbgrptw.obj
 0002:0001c4f0       __CrtDbgReportWV           100554f0 f i LIBCMTD:dbgrptw.obj
 0002:0001c520       ___crtMessageWindowW       10055520 f   LIBCMTD:dbgrptw.obj
 0002:0001ca20       __invoke_watson_if_error   10055a20 f i LIBCMTD:dbgrptw.obj
 0002:0001ca60       __invoke_watson_if_oneof   10055a60 f i LIBCMTD:dbgrptw.obj
 0002:0001cac0       ?_CrtDbgReportW@@YAHHPBGH00ZZ 10055ac0 f   LIBCMTD:dbgrptw.obj
 0002:0001cb10       __except_handler4          10055b10 f   LIBCMTD:chandler4.obj
 0002:0001cdc0       __malloc_dbg               10055dc0 f   LIBCMTD:dbgheap.obj
 0002:0001ce00       __nh_malloc                10055e00 f   LIBCMTD:dbgheap.obj
 0002:0001ce30       __nh_malloc_dbg            10055e30 f   LIBCMTD:dbgheap.obj
 0002:0001cf20       __heap_alloc               10055f20 f   LIBCMTD:dbgheap.obj
 0002:0001d3e0       __heap_alloc_dbg           100563e0 f   LIBCMTD:dbgheap.obj
 0002:0001d450       __calloc_dbg_impl          10056450 f   LIBCMTD:dbgheap.obj
 0002:0001d4f0       __calloc_dbg               100564f0 f   LIBCMTD:dbgheap.obj
 0002:0001d560       __recalloc                 10056560 f   LIBCMTD:dbgheap.obj
 0002:0001d5a0       __realloc_dbg              100565a0 f   LIBCMTD:dbgheap.obj
 0002:0001dde0       __recalloc_dbg             10056de0 f   LIBCMTD:dbgheap.obj
 0002:0001dec0       __expand                   10056ec0 f   LIBCMTD:dbgheap.obj
 0002:0001def0       __expand_dbg               10056ef0 f   LIBCMTD:dbgheap.obj
 0002:0001e040       __free_nolock              10057040 f   LIBCMTD:dbgheap.obj
 0002:0001e060       __free_dbg                 10057060 f   LIBCMTD:dbgheap.obj
 0002:0001e100       __free_dbg_nolock          10057100 f   LIBCMTD:dbgheap.obj
 0002:0001e720       __msize                    10057720 f   LIBCMTD:dbgheap.obj
 0002:0001e740       __msize_dbg                10057740 f   LIBCMTD:dbgheap.obj
 0002:0001e9a0       __CrtSetBreakAlloc         100579a0 f   LIBCMTD:dbgheap.obj
 0002:0001e9d0       __CrtSetDbgBlockType       100579d0 f   LIBCMTD:dbgheap.obj
 0002:0001eaf0       __CrtSetAllocHook          10057af0 f   LIBCMTD:dbgheap.obj
 0002:0001eb20       __CrtGetAllocHook          10057b20 f   LIBCMTD:dbgheap.obj
 0002:0001eb90       __CrtCheckMemory           10057b90 f   LIBCMTD:dbgheap.obj
 0002:0001f100       __CrtSetDbgFlag            10058100 f   LIBCMTD:dbgheap.obj
 0002:0001f2a0       __CrtDoForAllClientObjects 100582a0 f   LIBCMTD:dbgheap.obj
 0002:0001f410       __CrtIsValidPointer        10058410 f   LIBCMTD:dbgheap.obj
 0002:0001f430       __CrtIsValidHeapPointer    10058430 f   LIBCMTD:dbgheap.obj
 0002:0001f4f0       __CrtIsMemoryBlock         100584f0 f   LIBCMTD:dbgheap.obj
 0002:0001f6c0       __CrtReportBlockType       100586c0 f   LIBCMTD:dbgheap.obj
 0002:0001f700       __CrtSetDumpClient         10058700 f   LIBCMTD:dbgheap.obj
 0002:0001f730       __CrtGetDumpClient         10058730 f   LIBCMTD:dbgheap.obj
 0002:0001f740       __CrtMemCheckpoint         10058740 f   LIBCMTD:dbgheap.obj
 0002:0001f9e0       __CrtMemDifference         100589e0 f   LIBCMTD:dbgheap.obj
 0002:0001fc80       __CrtMemDumpAllObjectsSince 10058c80 f   LIBCMTD:dbgheap.obj
 0002:0001fcd0       ??0_LocaleUpdate@@QAE@PAUlocaleinfo_struct@@@Z 10058cd0 f i LIBCMTD:dbgheap.obj
 0002:0001fde0       ??1_LocaleUpdate@@QAE@XZ   10058de0 f i LIBCMTD:dbgheap.obj
 0002:0001fe20       ?GetLocaleT@_LocaleUpdate@@QAEPAUlocaleinfo_struct@@XZ 10058e20 f i LIBCMTD:dbgheap.obj
 0002:00020420       __CrtDumpMemoryLeaks       10059420 f   LIBCMTD:dbgheap.obj
 0002:000204b0       __CrtMemDumpStatistics     100594b0 f   LIBCMTD:dbgheap.obj
 0002:00020600       __aligned_malloc           10059600 f   LIBCMTD:dbgheap.obj
 0002:00020630       __aligned_malloc_dbg       10059630 f   LIBCMTD:dbgheap.obj
 0002:00020660       __aligned_realloc          10059660 f   LIBCMTD:dbgheap.obj
 0002:00020690       __aligned_recalloc         10059690 f   LIBCMTD:dbgheap.obj
 0002:000206c0       __aligned_realloc_dbg      100596c0 f   LIBCMTD:dbgheap.obj
 0002:000206f0       __aligned_recalloc_dbg     100596f0 f   LIBCMTD:dbgheap.obj
 0002:00020730       __aligned_offset_malloc    10059730 f   LIBCMTD:dbgheap.obj
 0002:00020760       __aligned_offset_malloc_dbg 10059760 f   LIBCMTD:dbgheap.obj
 0002:00020990       __aligned_offset_realloc   10059990 f   LIBCMTD:dbgheap.obj
 0002:000209c0       __aligned_offset_recalloc  100599c0 f   LIBCMTD:dbgheap.obj
 0002:000209f0       __aligned_offset_realloc_dbg 100599f0 f   LIBCMTD:dbgheap.obj
 0002:00020da0       __aligned_offset_recalloc_dbg 10059da0 f   LIBCMTD:dbgheap.obj
 0002:00020e90       __aligned_free             10059e90 f   LIBCMTD:dbgheap.obj
 0002:00020eb0       __aligned_free_dbg         10059eb0 f   LIBCMTD:dbgheap.obj
 0002:00020f90       __CrtSetDebugFillThreshold 10059f90 f   LIBCMTD:dbgheap.obj
 0002:00020fc0       __CrtSetCheckCount         10059fc0 f   LIBCMTD:dbgheap.obj
 0002:00020fe0       __CrtGetCheckCount         10059fe0 f   LIBCMTD:dbgheap.obj
 0002:00020ff0       __aligned_msize            10059ff0 f   LIBCMTD:dbgheap.obj
 0002:00021020       __aligned_msize_dbg        1005a020 f   LIBCMTD:dbgheap.obj
 0002:00021170       __close                    1005a170 f   LIBCMTD:close.obj
 0002:00021410       __close_nolock             1005a410 f   LIBCMTD:close.obj
 0002:00021510       __fileno                   1005a510 f   LIBCMTD:fileno.obj
 0002:000215a0       __freebuf                  1005a5a0 f   LIBCMTD:_freebuf.obj
 0002:00021650       _fflush                    1005a650 f   LIBCMTD:fflush.obj
 0002:00021710       __fflush_nolock            1005a710 f   LIBCMTD:fflush.obj
 0002:00021780       __flush                    1005a780 f   LIBCMTD:fflush.obj
 0002:00021870       __flushall                 1005a870 f   LIBCMTD:fflush.obj
 0002:00021aa0       __flsbuf                   1005aaa0 f   LIBCMTD:_flsbuf.obj
 0002:00021e10       __write                    1005ae10 f   LIBCMTD:write.obj
 0002:000220c0       __write_nolock             1005b0c0 f   LIBCMTD:write.obj
 0002:00022ed0       __openfile                 1005bed0 f   LIBCMTD:_open.obj
 0002:00023880       __getstream                1005c880 f   LIBCMTD:stream.obj
 0002:00023b74       __local_unwind4            1005cb74 f   LIBCMTD:exsup4.obj
 0002:00023c4a       __seh_longjmp_unwind4@4    1005cc4a f   LIBCMTD:exsup4.obj
 0002:00023c66       @_EH4_CallFilterFunc@8     1005cc66 f   LIBCMTD:exsup4.obj
 0002:00023c7d       @_EH4_TransferToHandler@8  1005cc7d f   LIBCMTD:exsup4.obj
 0002:00023c96       @_EH4_GlobalUnwind@4       1005cc96 f   LIBCMTD:exsup4.obj
 0002:00023cb0       @_EH4_LocalUnwind@16       1005ccb0 f   LIBCMTD:exsup4.obj
 0002:00023d20       __VEC_memzero              1005cd20 f   LIBCMTD:p4_memset.obj
 0002:00023e50       __get_sse2_info            1005ce50 f   LIBCMTD:cpu_disp.obj
 0002:00023fc0       ___sse2_available_init     1005cfc0 f   LIBCMTD:cpu_disp.obj
 0002:00023fe0       __VEC_memcpy               1005cfe0 f   LIBCMTD:p4_memcpy.obj
 0002:000241b0       __encode_pointer           1005d1b0 f   LIBCMTD:tidtable.obj
 0002:00024270       __crt_wait_module_handle   1005d270 f i LIBCMTD:tidtable.obj
 0002:000242b0       __encoded_null             1005d2b0 f   LIBCMTD:tidtable.obj
 0002:000242d0       __decode_pointer           1005d2d0 f   LIBCMTD:tidtable.obj
 0002:00024390       ___crtTlsAlloc@4           1005d390 f   LIBCMTD:tidtable.obj
 0002:000243b0       ___fls_getvalue@4          1005d3b0 f   LIBCMTD:tidtable.obj
 0002:000243e0       ___get_flsindex            1005d3e0 f   LIBCMTD:tidtable.obj
 0002:000243f0       ___set_flsgetvalue         1005d3f0 f   LIBCMTD:tidtable.obj
 0002:00024450       ___fls_setvalue@8          1005d450 f   LIBCMTD:tidtable.obj
 0002:00024480       __mtinit                   1005d480 f   LIBCMTD:tidtable.obj
 0002:00024710       __mtterm                   1005d710 f   LIBCMTD:tidtable.obj
 0002:00024780       __initptd                  1005d780 f   LIBCMTD:tidtable.obj
 0002:00024930       __getptd_noexit            1005d930 f   LIBCMTD:tidtable.obj
 0002:00024a20       __getptd                   1005da20 f   LIBCMTD:tidtable.obj
 0002:00024a50       __freefls@4                1005da50 f   LIBCMTD:tidtable.obj
 0002:00024ce0       __freeptd                  1005dce0 f   LIBCMTD:tidtable.obj
 0002:00024d80       ___threadid                1005dd80 f   LIBCMTD:tidtable.obj
 0002:00024d90       ___threadhandle            1005dd90 f   LIBCMTD:tidtable.obj
 0002:00024da0       __crt_waiting_on_module_handle 1005dda0 f   LIBCMTD:crt0dat.obj
 0002:00024e10       __cinit                    1005de10 f   LIBCMTD:crt0dat.obj
 0002:00024ee0       _exit                      1005dee0 f   LIBCMTD:crt0dat.obj
 0002:00024f00       __exit                     1005df00 f   LIBCMTD:crt0dat.obj
 0002:00024f20       __cexit                    1005df20 f   LIBCMTD:crt0dat.obj
 0002:00024f40       __c_exit                   1005df40 f   LIBCMTD:crt0dat.obj
 0002:00024f60       __amsg_exit                1005df60 f   LIBCMTD:crt0dat.obj
 0002:00024fb0       ___freeCrtMemory           1005dfb0 f   LIBCMTD:crt0dat.obj
 0002:000253d0       ___crtCorExitProcess       1005e3d0 f   LIBCMTD:crt0dat.obj
 0002:00025420       ___crtExitProcess          1005e420 f   LIBCMTD:crt0dat.obj
 0002:00025450       __lockexit                 1005e450 f   LIBCMTD:crt0dat.obj
 0002:00025470       __unlockexit               1005e470 f   LIBCMTD:crt0dat.obj
 0002:00025490       __init_pointers            1005e490 f   LIBCMTD:crt0dat.obj
 0002:00025580       __initterm_e               1005e580 f   LIBCMTD:crt0dat.obj
 0002:000255d0       __get_wpgmptr              1005e5d0 f   LIBCMTD:crt0dat.obj
 0002:00025700       __get_pgmptr               1005e700 f   LIBCMTD:crt0dat.obj
 0002:00025830       __ioinit                   1005e830 f   LIBCMTD:ioinit.obj
 0002:00025e00       __ioterm                   1005ee00 f   LIBCMTD:ioinit.obj
 0002:00025ed0       __setenvp                  1005eed0 f   LIBCMTD:stdenvp.obj
 0002:000260e0       __setargv                  1005f0e0 f   LIBCMTD:stdargv.obj
 0002:00026240       __set_pgmptr               1005f240 f i LIBCMTD:stdargv.obj
 0002:000266a0       ___crtGetEnvironmentStringsA 1005f6a0 f   LIBCMTD:a_env.obj
 0002:00026940       __RTC_Initialize           1005f940 f   LIBCMTD:_initsect_.obj
 0002:00026970       __RTC_Terminate            1005f970 f   LIBCMTD:_initsect_.obj
 0002:000269a0       ___heap_select             1005f9a0 f   LIBCMTD:heapinit.obj
 0002:000269c0       __heap_init                1005f9c0 f   LIBCMTD:heapinit.obj
 0002:00026a60       __heap_term                1005fa60 f   LIBCMTD:heapinit.obj
 0002:00026b30       __get_heap_handle          1005fb30 f   LIBCMTD:heapinit.obj
 0002:00026b80       ___security_init_cookie    1005fb80 f   LIBCMTD:gs_support.obj
 0002:00026ca0       __initp_misc_winxfltr      1005fca0 f   LIBCMTD:winxfltr.obj
 0002:00026cb0       ___CppXcptFilter           1005fcb0 f   LIBCMTD:winxfltr.obj
 0002:00026ce0       __XcptFilter               1005fce0 f   LIBCMTD:winxfltr.obj
 0002:00026f90       _DllMain@12                1005ff90 f   LIBCMTD:dllmain.obj
 0002:00026fb0       ___report_gsfailure        1005ffb0 f   LIBCMTD:gs_report.obj
 0002:00027110       __fcloseall                10060110 f   LIBCMTD:closeall.obj
 0002:00027290       __mtinitlocks              10060290 f   LIBCMTD:mlock.obj
 0002:00027340       __mtdeletelocks            10060340 f   LIBCMTD:mlock.obj
 0002:00027430       __mtinitlocknum            10060430 f   LIBCMTD:mlock.obj
 0002:000275d0       __lock                     100605d0 f   LIBCMTD:mlock.obj
 0002:00027620       __unlock                   10060620 f   LIBCMTD:mlock.obj
 0002:00027640       __lockerr_exit             10060640 f   LIBCMTD:mlock.obj
 0002:00027670       __CrtDefaultAllocHook      10060670 f   LIBCMTD:dbghook.obj
 0002:00027680       __crt_debugger_hook        10060680 f   LIBCMTD:dbghook.obj
 0002:000276a0       __CrtDbgBreak              100606a0 f   LIBCMTD:dbgrptt.obj
 0002:000276b0       __CrtSetReportMode         100606b0 f   LIBCMTD:dbgrptt.obj
 0002:00027840       __CrtSetReportFile         10060840 f   LIBCMTD:dbgrptt.obj
 0002:00027970       __CrtSetReportHook         10060970 f   LIBCMTD:dbgrptt.obj
 0002:000279a0       __CrtGetReportHook         100609a0 f   LIBCMTD:dbgrptt.obj
 0002:000279b0       __VCrtDbgReportA           100609b0 f   LIBCMTD:dbgrptt.obj
 0002:000283e0       __VCrtDbgReportW           100613e0 f   LIBCMTD:dbgrptt.obj
 0002:00028f60       __initp_misc_winsig        10061f60 f   LIBCMTD:winsig.obj
 0002:00028fa0       _signal                    10061fa0 f   LIBCMTD:winsig.obj
 0002:00029570       _raise                     10062570 f   LIBCMTD:winsig.obj
 0002:000299c0       ___get_sigabrt             100629c0 f   LIBCMTD:winsig.obj
 0002:000299e0       ___fpecode                 100629e0 f   LIBCMTD:winsig.obj
 0002:00029a00       ___pxcptinfoptrs           10062a00 f   LIBCMTD:winsig.obj
 0002:00029a20       ___crtMessageBoxW          10062a20 f   LIBCMTD:crtmboxw.obj
 0002:00029cd0       __swprintf                 10062cd0 f   LIBCMTD:swprintf.obj
 0002:00029f20       ___swprintf_l              10062f20 f   LIBCMTD:swprintf.obj
 0002:00029f60       _swprintf_s                10062f60 f   LIBCMTD:swprintf.obj
 0002:00029fa0       __snwprintf_s              10062fa0 f   LIBCMTD:swprintf.obj
 0002:00029fe0       __swprintf_p               10062fe0 f   LIBCMTD:swprintf.obj
 0002:0002a020       __swprintf_s_l             10063020 f   LIBCMTD:swprintf.obj
 0002:0002a060       __snwprintf_s_l            10063060 f   LIBCMTD:swprintf.obj
 0002:0002a0a0       __swprintf_p_l             100630a0 f   LIBCMTD:swprintf.obj
 0002:0002a0e0       __scwprintf                100630e0 f   LIBCMTD:swprintf.obj
 0002:0002a110       __scwprintf_p              10063110 f   LIBCMTD:swprintf.obj
 0002:0002a140       __scwprintf_l              10063140 f   LIBCMTD:swprintf.obj
 0002:0002a170       __scwprintf_p_l            10063170 f   LIBCMTD:swprintf.obj
 0002:0002a1a0       _memcpy_s                  100631a0 f   LIBCMTD:memcpy_s.obj
 0002:0002a390       _wcslen                    10063390 f   LIBCMTD:wcslen.obj
 0002:0002a3d0       _wcscpy_s                  100633d0 f   LIBCMTD:wcscpy_s.obj
 0002:0002a770       __alloca_probe             10063770     LIBCMTD:chkstk.obj
 0002:0002a770       __chkstk                   10063770 f   LIBCMTD:chkstk.obj
 0002:0002a7b0       __ValidateImageBase        100637b0 f   LIBCMTD:pesect.obj
 0002:0002a830       __FindPESection            10063830 f   LIBCMTD:pesect.obj
 0002:0002a8d0       __IsNonwritableInCurrentImage 100638d0 f   LIBCMTD:pesect.obj
 0002:0002aa30       __initp_heap_handler       10063a30 f   LIBCMTD:handler.obj
 0002:0002aa50       ?_set_new_handler@@YAP6AHI@ZP6AHI@Z@Z 10063a50 f   LIBCMTD:handler.obj
 0002:0002aab0       ?_set_new_handler@@YAP6AHI@ZH@Z 10063ab0 f   LIBCMTD:handler.obj
 0002:0002ab00       ?_query_new_handler@@YAP6AHI@ZXZ 10063b00 f   LIBCMTD:handler.obj
 0002:0002ab20       __callnewh                 10063b20 f   LIBCMTD:handler.obj
 0002:0002ab70       _V6_HeapAlloc              10063b70 f   LIBCMTD:malloc.obj
 0002:0002ac30       __malloc_base              10063c30 f   LIBCMTD:malloc.obj
 0002:0002ace0       __heap_alloc_base          10063ce0 f i LIBCMTD:malloc.obj
 0002:0002add0       __CrtSetReportHook2        10063dd0 f   LIBCMTD:dbgrpt.obj
 0002:0002b1c0       __CrtDbgReport             100641c0 f   LIBCMTD:dbgrpt.obj
 0002:0002b210       __CrtDbgReportV            10064210 f i LIBCMTD:dbgrpt.obj
 0002:0002b240       ___crtMessageWindowA       10064240 f   LIBCMTD:dbgrpt.obj
 0002:0002b740       __expand_base              10064740 f   LIBCMTD:expand.obj
 0002:0002bac0       __realloc_base             10064ac0 f   LIBCMTD:realloc.obj
 0002:0002bf40       __free_base                10064f40 f   LIBCMTD:free.obj
 0002:0002c0b0       __heapchk                  100650b0 f   LIBCMTD:heapchk.obj
 0002:0002c1c0       __heapset                  100651c0 f   LIBCMTD:heapchk.obj
 0002:0002c1d0       __get_sbh_threshold        100651d0 f   LIBCMTD:sbheap.obj
 0002:0002c230       __set_sbh_threshold        10065230 f   LIBCMTD:sbheap.obj
 0002:0002c430       __set_amblksiz             10065430 f   LIBCMTD:sbheap.obj
 0002:0002c580       __get_amblksiz             10065580 f   LIBCMTD:sbheap.obj
 0002:0002c6b0       ___sbh_heap_init           100656b0 f   LIBCMTD:sbheap.obj
 0002:0002c730       ___sbh_find_block          10065730 f   LIBCMTD:sbheap.obj
 0002:0002c7a0       ___sbh_verify_block        100657a0 f   LIBCMTD:sbheap.obj
 0002:0002c810       ___sbh_free_block          10065810 f   LIBCMTD:sbheap.obj
 0002:0002cf40       ___sbh_alloc_block         10065f40 f   LIBCMTD:sbheap.obj
 0002:0002d5b0       ___sbh_alloc_new_region    100665b0 f   LIBCMTD:sbheap.obj
 0002:0002d710       ___sbh_alloc_new_group     10066710 f   LIBCMTD:sbheap.obj
 0002:0002d980       ___sbh_resize_block        10066980 f   LIBCMTD:sbheap.obj
 0002:0002e0c0       ___sbh_heapmin             100670c0 f   LIBCMTD:sbheap.obj
 0002:0002e240       ___sbh_heap_check          10067240 f   LIBCMTD:sbheap.obj
 0002:0002e870       ___updatetmbcinfo          10067870 f   LIBCMTD:mbctype.obj
 0002:0002e9c0       __setmbcp                  100679c0 f   LIBCMTD:mbctype.obj
 0002:0002ee50       __setmbcp_nolock           10067e50 f   LIBCMTD:mbctype.obj
 0002:0002f830       __getmbcp                  10068830 f   LIBCMTD:mbctype.obj
 0002:0002f8c0       ___initmbctable            100688c0 f   LIBCMTD:mbctype.obj
 0002:0002f8f0       ____setlc_active_func      100688f0 f   LIBCMTD:setlocal.obj
 0002:0002f900       ____unguarded_readlc_active_add_func 10068900 f   LIBCMTD:setlocal.obj
 0002:0002f910       ___freetlocinfo            10068910 f   LIBCMTD:setlocal.obj
 0002:0002fcb0       ___addlocaleref            10068cb0 f   LIBCMTD:setlocal.obj
 0002:0002fe20       ___removelocaleref         10068e20 f   LIBCMTD:setlocal.obj
 0002:0002ffa0       ___updatetlocinfo          10068fa0 f   LIBCMTD:setlocal.obj
 0002:00030140       __configthreadlocale       10069140 f   LIBCMTD:setlocal.obj
 0002:00030290       __locterm                  10069290 f   LIBCMTD:setlocal.obj
 0002:00030350       __free_locale              10069350 f   LIBCMTD:setlocal.obj
 0002:000304e0       ___free_locale             100694e0 f   LIBCMTD:setlocal.obj
 0002:00030500       __create_locale            10069500 f   LIBCMTD:setlocal.obj
 0002:000307b0       ___create_locale           100697b0 f   LIBCMTD:setlocal.obj
 0002:000307d0       __get_current_locale       100697d0 f   LIBCMTD:setlocal.obj
 0002:00030930       ___get_current_locale      10069930 f   LIBCMTD:setlocal.obj
 0002:00030940       _setlocale                 10069940 f   LIBCMTD:setlocal.obj
 0002:00031c10       __expandlocale             1006ac10 f   LIBCMTD:setlocal.obj
 0002:00031f60       ___init_dummy              1006af60 f   LIBCMTD:setlocal.obj
 0002:00031f70       __strcats                  1006af70 f   LIBCMTD:setlocal.obj
 0002:00032010       ___lc_strtolc              1006b010 f   LIBCMTD:setlocal.obj
 0002:00032290       ___lc_lctostr              1006b290 f   LIBCMTD:setlocal.obj
 0002:00032350       _sprintf                   1006b350 f   LIBCMTD:sprintf.obj
 0002:00032530       __sprintf_l                1006b530 f   LIBCMTD:sprintf.obj
 0002:00032570       _sprintf_s                 1006b570 f   LIBCMTD:sprintf.obj
 0002:000325b0       __sprintf_s_l              1006b5b0 f   LIBCMTD:sprintf.obj
 0002:000325f0       __snprintf_s               1006b5f0 f   LIBCMTD:sprintf.obj
 0002:00032630       __snprintf_s_l             1006b630 f   LIBCMTD:sprintf.obj
 0002:00032670       __sprintf_p                1006b670 f   LIBCMTD:sprintf.obj
 0002:000326b0       __sprintf_p_l              1006b6b0 f   LIBCMTD:sprintf.obj
 0002:000326f0       __scprintf                 1006b6f0 f   LIBCMTD:sprintf.obj
 0002:00032720       __scprintf_p               1006b720 f   LIBCMTD:sprintf.obj
 0002:00032750       __scprintf_l               1006b750 f   LIBCMTD:sprintf.obj
 0002:00032780       __scprintf_p_l             1006b780 f   LIBCMTD:sprintf.obj
 0002:000327b0       __chvalidator              1006b7b0 f   LIBCMTD:isctype.obj
 0002:00032810       __chvalidator_l            1006b810 f   LIBCMTD:isctype.obj
 0002:000328f0       __isctype_l                1006b8f0 f   LIBCMTD:isctype.obj
 0002:00032a50       __isctype                  1006ba50 f   LIBCMTD:isctype.obj
 0002:00032aa0       __alloc_osfhnd             1006baa0 f   LIBCMTD:osfinfo.obj
 0002:00032e00       __set_osfhnd               1006be00 f   LIBCMTD:osfinfo.obj
 0002:00032f00       __free_osfhnd              1006bf00 f   LIBCMTD:osfinfo.obj
 0002:00033020       __get_osfhandle            1006c020 f   LIBCMTD:osfinfo.obj
 0002:000331e0       __open_osfhandle           1006c1e0 f   LIBCMTD:osfinfo.obj
 0002:000334a0       ___lock_fhandle            1006c4a0 f   LIBCMTD:osfinfo.obj
 0002:000335e0       __unlock_fhandle           1006c5e0 f   LIBCMTD:osfinfo.obj
 0002:00033620       __commit                   1006c620 f   LIBCMTD:commit.obj
 0002:000338c0       __lseeki64                 1006c8c0 f   LIBCMTD:lseeki64.obj
 0002:00033ba0       __lseeki64_nolock          1006cba0 f   LIBCMTD:lseeki64.obj
 0002:00033cd0       __getbuf                   1006ccd0 f   LIBCMTD:_getbuf.obj
 0002:00033dc0       __isatty                   1006cdc0 f   LIBCMTD:isatty.obj
 0002:00033ee0       __putwch                   1006cee0 f   LIBCMTD:putwch.obj
 0002:00033f90       __putwch_nolock            1006cf90 f   LIBCMTD:putwch.obj
 0002:000340d0       __cputws                   1006d0d0 f   LIBCMTD:putwch.obj
 0002:00034270       __mbtowc_l                 1006d270 f   LIBCMTD:mbtowc.obj
 0002:00034510       _mbtowc                    1006d510 f   LIBCMTD:mbtowc.obj
 0002:00034540       __isleadbyte_l             1006d540 f i LIBCMTD:_wctype.obj
 0002:000345a0       _isleadbyte                1006d5a0 f i LIBCMTD:_wctype.obj
 0002:000345c0       __iswalpha_l               1006d5c0 f i LIBCMTD:_wctype.obj
 0002:000345f0       _iswalpha                  1006d5f0 f i LIBCMTD:_wctype.obj
 0002:00034610       __iswupper_l               1006d610 f i LIBCMTD:_wctype.obj
 0002:00034630       _iswupper                  1006d630 f i LIBCMTD:_wctype.obj
 0002:00034650       __iswlower_l               1006d650 f i LIBCMTD:_wctype.obj
 0002:00034670       _iswlower                  1006d670 f i LIBCMTD:_wctype.obj
 0002:00034690       __iswdigit_l               1006d690 f i LIBCMTD:_wctype.obj
 0002:000346b0       _iswdigit                  1006d6b0 f i LIBCMTD:_wctype.obj
 0002:000346d0       __iswxdigit_l              1006d6d0 f i LIBCMTD:_wctype.obj
 0002:00034700       _iswxdigit                 1006d700 f i LIBCMTD:_wctype.obj
 0002:00034720       __iswspace_l               1006d720 f i LIBCMTD:_wctype.obj
 0002:00034740       _iswspace                  1006d740 f i LIBCMTD:_wctype.obj
 0002:00034760       __iswpunct_l               1006d760 f i LIBCMTD:_wctype.obj
 0002:00034780       _iswpunct                  1006d780 f i LIBCMTD:_wctype.obj
 0002:000347a0       __iswalnum_l               1006d7a0 f i LIBCMTD:_wctype.obj
 0002:000347d0       _iswalnum                  1006d7d0 f i LIBCMTD:_wctype.obj
 0002:000347f0       __iswprint_l               1006d7f0 f i LIBCMTD:_wctype.obj
 0002:00034820       _iswprint                  1006d820 f i LIBCMTD:_wctype.obj
 0002:00034840       __iswgraph_l               1006d840 f i LIBCMTD:_wctype.obj
 0002:00034870       _iswgraph                  1006d870 f i LIBCMTD:_wctype.obj
 0002:00034890       __iswcntrl_l               1006d890 f i LIBCMTD:_wctype.obj
 0002:000348b0       _iswcntrl                  1006d8b0 f i LIBCMTD:_wctype.obj
 0002:000348d0       _iswascii                  1006d8d0 f i LIBCMTD:_wctype.obj
 0002:000348f0       __iswcsym_l                1006d8f0 f i LIBCMTD:_wctype.obj
 0002:00034940       ___iswcsym                 1006d940 f i LIBCMTD:_wctype.obj
 0002:00034990       __iswcsymf_l               1006d990 f i LIBCMTD:_wctype.obj
 0002:000349e0       ___iswcsymf                1006d9e0 f i LIBCMTD:_wctype.obj
 0002:00034a30       __open                     1006da30 f   LIBCMTD:open.obj
 0002:00034c10       __sopen_helper             1006dc10 f   LIBCMTD:open.obj
 0002:00036300       __sopen                    1006f300 f   LIBCMTD:open.obj
 0002:00036390       __sopen_s                  1006f390 f   LIBCMTD:open.obj
 0002:000363c0       __mbsnbicmp_l              1006f3c0 f   LIBCMTD:mbsnbicm.obj
 0002:00036990       __mbsnbicmp                1006f990 f   LIBCMTD:mbsnbicm.obj
 0002:000369c0       __mbsnbcmp_l               1006f9c0 f   LIBCMTD:mbsnbcmp.obj
 0002:00036d60       __mbsnbcmp                 1006fd60 f   LIBCMTD:mbsnbcmp.obj
 0002:00036d90       __initp_misc_initcrit      1006fd90 f   LIBCMTD:initcrit.obj
 0002:00036db0       ___crtInitCritSecAndSpinCount 1006fdb0 f   LIBCMTD:initcrit.obj
 0002:00036e80       __global_unwind2           1006fe80 f   LIBCMTD:exsup.obj
 0002:00036ee5       __local_unwind2            1006fee5 f   LIBCMTD:exsup.obj
 0002:00036f69       __abnormal_termination     1006ff69 f   LIBCMTD:exsup.obj
 0002:00036f8c       __NLG_Notify1              1006ff8c f   LIBCMTD:exsup.obj
 0002:00036f95       __NLG_Notify               1006ff95 f   LIBCMTD:exsup.obj
 0002:00036fac       __NLG_Dispatch2            1006ffac     LIBCMTD:exsup.obj
 0002:00036fac       __NLG_Dispatch             1006ffac     LIBCMTD:exsup.obj
 0002:00036fb4       __NLG_Call                 1006ffb4 f   LIBCMTD:exsup.obj
 0002:00036fb6       __NLG_Return2              1006ffb6     LIBCMTD:exsup.obj
 0002:00037010       __onexit                   10070010 f   LIBCMTD:onexit.obj
 0002:00037260       _atexit                    10070260 f   LIBCMTD:onexit.obj
 0002:00037290       ___onexitinit              10070290 f   LIBCMTD:onexit.obj
 0002:00037300       __initp_misc_cfltcvt_tab   10070300 f   LIBCMTD:cmiscdat.obj
 0002:00037360       __FF_MSGBANNER             10070360 f   LIBCMTD:crt0msg.obj
 0002:000373c0       __NMSG_WRITE               100703c0 f   LIBCMTD:crt0msg.obj
 0002:00037700       __GET_RTERRMSG             10070700 f   LIBCMTD:crt0msg.obj
 0002:00037760       __initp_eh_hooks           10070760 f   LIBCMTD:hooks.obj
 0002:00037780       ?terminate@@YAXXZ          10070780 f   LIBCMTD:hooks.obj
 0002:00037820       ?unexpected@@YAXXZ         10070820 f   LIBCMTD:hooks.obj
 0002:00037850       ?_inconsistency@@YAXXZ     10070850 f   LIBCMTD:hooks.obj
 0002:00037900       __initp_misc_rand_s        10070900 f   LIBCMTD:rand_s.obj
 0002:00037920       _rand_s                    10070920 f   LIBCMTD:rand_s.obj
 0002:00037bd0       ___getlocaleinfo           10070bd0 f   LIBCMTD:inithelp.obj
 0002:00037f20       __initp_misc_purevirt      10070f20 f   LIBCMTD:inithelp.obj
 0002:00037f40       _strcpy_s                  10070f40 f   LIBCMTD:strcpy_s.obj
 0002:000382d0       _strlen                    100712d0 f   LIBCMTD:strlen.obj
 0002:00038380       __ismbbkalnum_l            10071380 f   LIBCMTD:ismbbyte.obj
 0002:000383b0       __ismbbkalnum              100713b0 f   LIBCMTD:ismbbyte.obj
 0002:000383d0       __ismbbkprint_l            100713d0 f   LIBCMTD:ismbbyte.obj
 0002:00038400       __ismbbkprint              10071400 f   LIBCMTD:ismbbyte.obj
 0002:00038420       __ismbbkpunct_l            10071420 f   LIBCMTD:ismbbyte.obj
 0002:00038450       __ismbbkpunct              10071450 f   LIBCMTD:ismbbyte.obj
 0002:00038470       __ismbbalnum_l             10071470 f   LIBCMTD:ismbbyte.obj
 0002:000384a0       __ismbbalnum               100714a0 f   LIBCMTD:ismbbyte.obj
 0002:000384d0       __ismbbalpha_l             100714d0 f   LIBCMTD:ismbbyte.obj
 0002:00038500       __ismbbalpha               10071500 f   LIBCMTD:ismbbyte.obj
 0002:00038530       __ismbbgraph_l             10071530 f   LIBCMTD:ismbbyte.obj
 0002:00038560       __ismbbgraph               10071560 f   LIBCMTD:ismbbyte.obj
 0002:00038590       __ismbbprint_l             10071590 f   LIBCMTD:ismbbyte.obj
 0002:000385c0       __ismbbprint               100715c0 f   LIBCMTD:ismbbyte.obj
 0002:000385f0       __ismbbpunct_l             100715f0 f   LIBCMTD:ismbbyte.obj
 0002:00038620       __ismbbpunct               10071620 f   LIBCMTD:ismbbyte.obj
 0002:00038640       __ismbblead_l              10071640 f   LIBCMTD:ismbbyte.obj
 0002:00038670       __ismbblead                10071670 f   LIBCMTD:ismbbyte.obj
 0002:00038690       __ismbbtrail_l             10071690 f   LIBCMTD:ismbbyte.obj
 0002:000386c0       __ismbbtrail               100716c0 f   LIBCMTD:ismbbyte.obj
 0002:000386e0       __ismbbkana_l              100716e0 f   LIBCMTD:ismbbyte.obj
 0002:00038770       __ismbbkana                10071770 f   LIBCMTD:ismbbyte.obj
 0002:00038890       __mbstowcs_l_helper        10071890 f   LIBCMTD:mbstowcs.obj
 0002:00038cc0       __mbstowcs_l               10071cc0 f   LIBCMTD:mbstowcs.obj
 0002:00038cf0       _mbstowcs                  10071cf0 f   LIBCMTD:mbstowcs.obj
 0002:00038d50       __mbstowcs_s_l             10071d50 f   LIBCMTD:mbstowcs.obj
 0002:000391b0       _mbstowcs_s                100721b0 f   LIBCMTD:mbstowcs.obj
 0002:000391e0       _strcat_s                  100721e0 f   LIBCMTD:strcat_s.obj
 0002:000396b0       __vsnprintf_helper         100726b0 f   LIBCMTD:vsnprnc.obj
 0002:000398f0       __vsnprintf_c              100728f0 f   LIBCMTD:vsnprnc.obj
 0002:00039950       __vsnprintf_c_l            10072950 f   LIBCMTD:vsnprnc.obj
 0002:000399b0       __vsprintf_s_l             100729b0 f   LIBCMTD:vsnprnc.obj
 0002:00039cb0       _vsprintf_s                10072cb0 f   LIBCMTD:vsnprnc.obj
 0002:00039ce0       __vsnprintf_s_l            10072ce0 f   LIBCMTD:vsnprnc.obj
 0002:0003a160       __vsnprintf_s              10073160 f   LIBCMTD:vsnprnc.obj
 0002:0003a190       __vsprintf_p               10073190 f   LIBCMTD:vsnprnc.obj
 0002:0003a1f0       __vsprintf_p_l             100731f0 f   LIBCMTD:vsnprnc.obj
 0002:0003a250       __itoa_s                   10073250 f   LIBCMTD:xtoas.obj
 0002:0003a700       __ltoa_s                   10073700 f   LIBCMTD:xtoas.obj
 0002:0003a750       __ultoa_s                  10073750 f   LIBCMTD:xtoas.obj
 0002:0003a780       __i64toa_s                 10073780 f   LIBCMTD:xtoas.obj
 0002:0003ac80       __ui64toa_s                10073c80 f   LIBCMTD:xtoas.obj
 0002:0003acb0       __wcstombs_l_helper        10073cb0 f   LIBCMTD:wcstombs.obj
 0002:0003b2e0       __wcstombs_l               100742e0 f   LIBCMTD:wcstombs.obj
 0002:0003b310       _wcstombs                  10074310 f   LIBCMTD:wcstombs.obj
 0002:0003b340       __wcstombs_s_l             10074340 f   LIBCMTD:wcstombs.obj
 0002:0003b730       _wcstombs_s                10074730 f   LIBCMTD:wcstombs.obj
 0002:0003b760       _wcscat_s                  10074760 f   LIBCMTD:wcscat_s.obj
 0002:0003bc40       __vswprintf_helper         10074c40 f   LIBCMTD:vswprnc.obj
 0002:0003bf00       __vswprintf_c              10074f00 f   LIBCMTD:vswprnc.obj
 0002:0003bf60       __vswprintf_c_l            10074f60 f   LIBCMTD:vswprnc.obj
 0002:0003bfc0       __vswprintf_s_l            10074fc0 f   LIBCMTD:vswprnc.obj
 0002:0003c2c0       _vswprintf_s               100752c0 f   LIBCMTD:vswprnc.obj
 0002:0003c2f0       __vsnwprintf_s_l           100752f0 f   LIBCMTD:vswprnc.obj
 0002:0003c790       __vsnwprintf_s             10075790 f   LIBCMTD:vswprnc.obj
 0002:0003c7c0       __vswprintf_p              100757c0 f   LIBCMTD:vswprnc.obj
 0002:0003c820       __vswprintf_p_l            10075820 f   LIBCMTD:vswprnc.obj
 0002:0003c880       __itow_s                   10075880 f   LIBCMTD:xtows.obj
 0002:0003cd50       __ltow_s                   10075d50 f   LIBCMTD:xtows.obj
 0002:0003cda0       __ultow_s                  10075da0 f   LIBCMTD:xtows.obj
 0002:0003cdd0       __i64tow_s                 10075dd0 f   LIBCMTD:xtows.obj
 0002:0003d2f0       __ui64tow_s                100762f0 f   LIBCMTD:xtows.obj
 0002:0003d320       __woutput_l                10076320 f   LIBCMTD:woutput.obj
 0002:0003e980       _get_int_arg               10077980 f i LIBCMTD:woutput.obj
 0002:0003e9b0       _get_int64_arg             100779b0 f i LIBCMTD:woutput.obj
 0002:0003e9e0       __vswprintf_l              100779e0 f   LIBCMTD:vswprint.obj
 0002:0003ec20       __vswprintf                10077c20 f   LIBCMTD:vswprint.obj
 0002:0003ec50       ___vswprintf_l             10077c50 f   LIBCMTD:vswprint.obj
 0002:0003ec80       __vscwprintf_helper        10077c80 f   LIBCMTD:vswprint.obj
 0002:0003ed70       __vscwprintf               10077d70 f   LIBCMTD:vswprint.obj
 0002:0003eda0       __vscwprintf_l             10077da0 f   LIBCMTD:vswprint.obj
 0002:0003edd0       __vscwprintf_p             10077dd0 f   LIBCMTD:vswprint.obj
 0002:0003ee00       __vscwprintf_p_l           10077e00 f   LIBCMTD:vswprint.obj
 0002:0003ee30       ___crtMessageBoxA          10077e30 f   LIBCMTD:crtmbox.obj
 0002:0003f0e0       ?_JumpToContinuation@@YGXPAXPAUEHRegistrationNode@@@Z 100780e0 f   LIBCMTD:_trnsctrl_.obj
 0002:0003f130       ?_CallMemberFunction0@@YGXPAX0@Z 10078130 f   LIBCMTD:_trnsctrl_.obj
 0002:0003f140       ?_CallMemberFunction1@@YGXPAX00@Z 10078140 f   LIBCMTD:_trnsctrl_.obj
 0002:0003f150       ?_CallMemberFunction2@@YGXPAX00H@Z 10078150 f   LIBCMTD:_trnsctrl_.obj
 0002:0003f160       ?_UnwindNestedFrames@@YGXPAUEHRegistrationNode@@PAUEHExceptionRecord@@@Z 10078160 f   LIBCMTD:_trnsctrl_.obj
 0002:0003f1d0       ___CxxFrameHandler         100781d0 f   LIBCMTD:_trnsctrl_.obj
 0002:0003f220       ___CxxFrameHandler3        10078220 f   LIBCMTD:_trnsctrl_.obj
 0002:0003f270       ___CxxFrameHandler2        10078270 f   LIBCMTD:_trnsctrl_.obj
 0002:0003f2c0       ___CxxLongjmpUnwind@4      100782c0 f   LIBCMTD:_trnsctrl_.obj
 0002:0003f300       ?_CallCatchBlock2@@YAPAXPAUEHRegistrationNode@@PBU_s_FuncInfo@@PAXHK@Z 10078300 f   LIBCMTD:_trnsctrl_.obj
 0002:0003f3f0       ?_CallSETranslator@@YAHPAUEHExceptionRecord@@PAUEHRegistrationNode@@PAX2PBU_s_FuncInfo@@H1@Z 100783f0 f   LIBCMTD:_trnsctrl_.obj
 0002:0003f600       ?_GetRangeOfTrysToCheck@@YAPBU_s_TryBlockMapEntry@@PBU_s_FuncInfo@@HHPAI1@Z 10078600 f   LIBCMTD:_trnsctrl_.obj
 0002:0003f6a0       __CreateFrameInfo          100786a0 f   LIBCMTD:_trnsctrl_.obj
 0002:0003f6e0       __IsExceptionObjectToBeDestroyed 100786e0 f   LIBCMTD:_trnsctrl_.obj
 0002:0003f720       __FindAndUnlinkFrame       10078720 f   LIBCMTD:_trnsctrl_.obj
 0002:0003f790       ___crtLCMapStringA         10078790 f   LIBCMTD:a_map.obj
 0002:0003fe40       __MarkAllocaS              10078e40 f i LIBCMTD:a_map.obj
 0002:0003fe70       __freea                    10078e70 f i LIBCMTD:a_map.obj
 0002:0003ff50       ___crtGetStringTypeA       10078f50 f   LIBCMTD:a_str.obj
 0002:00040280       ___pwctype_func            10079280 f   LIBCMTD:ctype.obj
 0002:00040290       ___pctype_func             10079290 f   LIBCMTD:ctype.obj
 0002:000402f0       ___init_time               100792f0 f   LIBCMTD:inittime.obj
 0002:00040bd0       ___free_lc_time            10079bd0 f   LIBCMTD:inittime.obj
 0002:00040fa0       ___init_numeric            10079fa0 f   LIBCMTD:initnum.obj
 0002:000413d0       ___free_lconv_num          1007a3d0 f   LIBCMTD:initnum.obj
 0002:00041460       ___init_monetary           1007a460 f   LIBCMTD:initmon.obj
 0002:00041aa0       ___free_lconv_mon          1007aaa0 f   LIBCMTD:initmon.obj
 0002:00041bd0       ___init_ctype              1007abd0 f   LIBCMTD:initctyp.obj
 0002:000422f0       ____mb_cur_max_func        1007b2f0 f   LIBCMTD:initctyp.obj
 0002:00042350       ____mb_cur_max_l_func      1007b350 f   LIBCMTD:initctyp.obj
 0002:00042390       ____lc_codepage_func       1007b390 f   LIBCMTD:initctyp.obj
 0002:000423f0       ____lc_collate_cp_func     1007b3f0 f   LIBCMTD:initctyp.obj
 0002:00042450       ____lc_handle_func         1007b450 f   LIBCMTD:initctyp.obj
 0002:000424b0       ___init_collate            1007b4b0 f   LIBCMTD:initcoll.obj
 0002:000424c0       __Getdays_l                1007b4c0 f   LIBCMTD:strftime.obj
 0002:000426f0       __Getdays                  1007b6f0 f   LIBCMTD:strftime.obj
 0002:00042710       __Getmonths_l              1007b710 f   LIBCMTD:strftime.obj
 0002:00042940       __Getmonths                1007b940 f   LIBCMTD:strftime.obj
 0002:00042960       __Gettnames_l              1007b960 f   LIBCMTD:strftime.obj
 0002:00043020       __Gettnames                1007c020 f   LIBCMTD:strftime.obj
 0002:00043040       __strftime_l               1007c040 f   LIBCMTD:strftime.obj
 0002:00043070       _strftime                  1007c070 f   LIBCMTD:strftime.obj
 0002:000430a0       __Strftime                 1007c0a0 f   LIBCMTD:strftime.obj
 0002:000430d0       __Strftime_l               1007c0d0 f   LIBCMTD:strftime.obj
 0002:00045650       _localeconv                1007e650 f   LIBCMTD:lconv.obj
 0002:000456b0       _strcmp                    1007e6b0 f   LIBCMTD:strcmp.obj
 0002:00045760       _strncpy_s                 1007e760 f   LIBCMTD:strncpy_s.obj
 0002:00045c50       _strcspn                   1007ec50 f   LIBCMTD:strcspn.obj
 0002:00045cb0       _strncmp                   1007ecb0 f   LIBCMTD:strncmp.obj
 0002:00045e80       _strpbrk                   1007ee80 f   LIBCMTD:strpbrk.obj
 0002:00045ed0       ___get_qualified_locale    1007eed0 f   LIBCMTD:getqloc.obj
 0002:000470f0       __output_l                 100800f0 f   LIBCMTD:output.obj
 0002:00048a30       _get_short_arg             10081a30 f i LIBCMTD:output.obj
 0002:00048a60       __vsprintf_l               10081a60 f   LIBCMTD:vsprintf.obj
 0002:00048c30       _vsprintf                  10081c30 f   LIBCMTD:vsprintf.obj
 0002:00048c60       __vscprintf_helper         10081c60 f   LIBCMTD:vsprintf.obj
 0002:00048d50       __vscprintf                10081d50 f   LIBCMTD:vsprintf.obj
 0002:00048d80       __vscprintf_l              10081d80 f   LIBCMTD:vsprintf.obj
 0002:00048db0       __vscprintf_p              10081db0 f   LIBCMTD:vsprintf.obj
 0002:00048de0       __vscprintf_p_l            10081de0 f   LIBCMTD:vsprintf.obj
 0002:00048e10       _DebuggerKnownHandle       10081e10 f   LIBCMTD:_error_.obj
 0002:00048ef0       ?_RTC_Failure@@YAXPAXH@Z   10081ef0 f   LIBCMTD:_error_.obj
 0002:000492c0       ?_RTC_StackFailure@@YAXPAXPBD@Z 100822c0 f   LIBCMTD:_error_.obj
 0002:00049400       ?_RTC_AllocaFailure@@YAXPAXPAU_RTC_ALLOCA_NODE@@H@Z 10082400 f   LIBCMTD:_error_.obj
 0002:00049610       __RTC_UninitUse            10082610 f   LIBCMTD:_error_.obj
 0002:00049740       ___initconin               10082740 f   LIBCMTD:initcon.obj
 0002:00049770       ___initconout              10082770 f   LIBCMTD:initcon.obj
 0002:000497a0       ___termcon                 100827a0 f   LIBCMTD:initcon.obj
 0002:00049800       __iswctype_l               10082800 f   LIBCMTD:iswctype.obj
 0002:000498d0       _iswctype                  100828d0 f   LIBCMTD:iswctype.obj
 0002:00049980       _is_wctype                 10082980 f   LIBCMTD:iswctype.obj
 0002:000499a0       __chsize_s                 100829a0 f   LIBCMTD:chsize.obj
 0002:00049ce0       __chsize_nolock            10082ce0 f   LIBCMTD:chsize.obj
 0002:0004a020       __chsize                   10083020 f   LIBCMTD:chsize.obj
 0002:0004a050       __read                     10083050 f   LIBCMTD:read.obj
 0002:0004a390       __read_nolock              10083390 f   LIBCMTD:read.obj
 0002:0004b6b0       __lseek                    100846b0 f   LIBCMTD:lseek.obj
 0002:0004b960       __lseek_nolock             10084960 f   LIBCMTD:lseek.obj
 0002:0004ba70       __setmode                  10084a70 f   LIBCMTD:setmode.obj
 0002:0004bda0       __setmode_nolock           10084da0 f   LIBCMTD:setmode.obj
 0002:0004c0a0       __set_fmode                100850a0 f   LIBCMTD:setmode.obj
 0002:0004c180       __get_fmode                10085180 f   LIBCMTD:setmode.obj
 0002:0004c220       __strnicmp_l               10085220 f   LIBCMTD:strnicmp.obj
 0002:0004c4f0       __strnicmp                 100854f0 f   LIBCMTD:strnicmp.obj
 0002:0004c6e0       __fptrap                   100856e0 f   LIBCMTD:crt0fp.obj
 0002:0004c700       __set_error_mode           10085700 f   LIBCMTD:errmode.obj
 0002:0004c7f0       ___set_app_type            100857f0 f   LIBCMTD:errmode.obj
 0002:0004c810       ___get_app_type            10085810 f   LIBCMTD:errmode.obj
 0002:0004c820       _abort                     10085820 f   LIBCMTD:abort.obj
 0002:0004c9a0       __set_abort_behavior       100859a0 f   LIBCMTD:abort.obj
 0002:0004c9e0       __isalpha_l                100859e0 f i LIBCMTD:_ctype.obj
 0002:0004ca90       _isalpha                   10085a90 f i LIBCMTD:_ctype.obj
 0002:0004cad0       __isupper_l                10085ad0 f i LIBCMTD:_ctype.obj
 0002:0004cb70       _isupper                   10085b70 f i LIBCMTD:_ctype.obj
 0002:0004cbb0       __islower_l                10085bb0 f i LIBCMTD:_ctype.obj
 0002:0004cc50       _islower                   10085c50 f i LIBCMTD:_ctype.obj
 0002:0004cc90       __isdigit_l                10085c90 f i LIBCMTD:_ctype.obj
 0002:0004cd30       _isdigit                   10085d30 f i LIBCMTD:_ctype.obj
 0002:0004cd70       __isxdigit_l               10085d70 f i LIBCMTD:_ctype.obj
 0002:0004ce20       _isxdigit                  10085e20 f i LIBCMTD:_ctype.obj
 0002:0004ce60       __isspace_l                10085e60 f i LIBCMTD:_ctype.obj
 0002:0004cf00       _isspace                   10085f00 f i LIBCMTD:_ctype.obj
 0002:0004cf40       __ispunct_l                10085f40 f i LIBCMTD:_ctype.obj
 0002:0004cfe0       _ispunct                   10085fe0 f i LIBCMTD:_ctype.obj
 0002:0004d020       __isalnum_l                10086020 f i LIBCMTD:_ctype.obj
 0002:0004d0d0       _isalnum                   100860d0 f i LIBCMTD:_ctype.obj
 0002:0004d110       __isprint_l                10086110 f i LIBCMTD:_ctype.obj
 0002:0004d1c0       _isprint                   100861c0 f i LIBCMTD:_ctype.obj
 0002:0004d200       __isgraph_l                10086200 f i LIBCMTD:_ctype.obj
 0002:0004d2b0       _isgraph                   100862b0 f i LIBCMTD:_ctype.obj
 0002:0004d2f0       __iscntrl_l                100862f0 f i LIBCMTD:_ctype.obj
 0002:0004d390       _iscntrl                   10086390 f i LIBCMTD:_ctype.obj
 0002:0004d3d0       ___isascii                 100863d0 f i LIBCMTD:_ctype.obj
 0002:0004d3f0       ___toascii                 100863f0 f i LIBCMTD:_ctype.obj
 0002:0004d400       __iscsymf_l                10086400 f i LIBCMTD:_ctype.obj
 0002:0004d450       ___iscsymf                 10086450 f i LIBCMTD:_ctype.obj
 0002:0004d490       __iscsym_l                 10086490 f i LIBCMTD:_ctype.obj
 0002:0004d4e0       ___iscsym                  100864e0 f i LIBCMTD:_ctype.obj
 0002:0004d530       ___crtGetLocaleInfoW       10086530 f   LIBCMTD:w_loc.obj
 0002:0004d5c0       ___crtGetLocaleInfoA       100865c0 f   LIBCMTD:a_loc.obj
 0002:0004d810       __output_s_l               10086810 f   LIBCMTD:outputs.obj
 0002:0004f300       __validate_param_reuseA    10088300 f   LIBCMTD:outputp.obj
 0002:0004f610       __output_p_l               10088610 f   LIBCMTD:outputp.obj
 0002:000540d0       _get_crtdouble_arg         1008d0d0 f i LIBCMTD:outputp.obj
 0002:00054100       __aulldiv                  1008d100 f   LIBCMTD:ulldiv.obj
 0002:00054190       __aullrem                  1008d190 f   LIBCMTD:ullrem.obj
 0002:00054230       __woutput_s_l              1008d230 f   LIBCMTD:woutputs.obj
 0002:00055a40       __validate_param_reuseW    1008ea40 f   LIBCMTD:woutputp.obj
 0002:00055d50       __woutput_p_l              1008ed50 f   LIBCMTD:woutputp.obj
 0002:0005a2a0       _printf                    100932a0 f   LIBCMTD:printf.obj
 0002:0005a430       __printf_l                 10093430 f   LIBCMTD:printf.obj
 0002:0005a460       __printf_s_l               10093460 f   LIBCMTD:printf.obj
 0002:0005a490       _printf_s                  10093490 f   LIBCMTD:printf.obj
 0002:0005a4c0       __printf_p_l               100934c0 f   LIBCMTD:printf.obj
 0002:0005a4f0       __printf_p                 100934f0 f   LIBCMTD:printf.obj
 0002:0005a520       __set_printf_count_output  10093520 f   LIBCMTD:printf.obj
 0002:0005a580       __get_printf_count_output  10093580 f   LIBCMTD:printf.obj
 0002:0005a5b0       _fputwc                    100935b0 f   LIBCMTD:fputwc.obj
 0002:0005a6f0       __fputwc_nolock            100936f0 f   LIBCMTD:fputwc.obj
 0002:0005aa90       _putwc                     10093a90 f   LIBCMTD:fputwc.obj
 0002:0005aab0       ___InternalCxxFrameHandler 10093ab0 f   LIBCMTD:frame.obj
 0002:0005b220       ??0bad_exception@std@@QAE@PBD@Z 10094220 f i LIBCMTD:frame.obj
 0002:0005b250       ??1bad_exception@std@@UAE@XZ 10094250 f i LIBCMTD:frame.obj
 0002:0005b280       ??_Ebad_exception@std@@UAEPAXI@Z 10094280 f i LIBCMTD:frame.obj
 0002:0005b280       ??_Gbad_exception@std@@UAEPAXI@Z 10094280 f i LIBCMTD:frame.obj
 0002:0005b2c0       ??0bad_exception@std@@QAE@ABV01@@Z 100942c0 f i LIBCMTD:frame.obj
 0002:0005b4d0       ___TypeMatch               100944d0 f   LIBCMTD:frame.obj
 0002:0005b5b0       ___FrameUnwindFilter       100945b0 f   LIBCMTD:frame.obj
 0002:0005b640       ___FrameUnwindToState      10094640 f   LIBCMTD:frame.obj
 0002:0005bcd0       ___BuildCatchObjectHelper  10094cd0 f   LIBCMTD:frame.obj
 0002:0005bfe0       ___BuildCatchObject        10094fe0 f   LIBCMTD:frame.obj
 0002:0005c130       ___DestructExceptionObject 10095130 f   LIBCMTD:frame.obj
 0002:0005c210       ___AdjustPointer           10095210 f   LIBCMTD:frame.obj
 0002:0005c270       ?__uncaught_exception@@YA_NXZ 10095270 f   LIBCMTD:frame.obj
 0002:0005c290       ___CxxExceptionFilter      10095290 f   LIBCMTD:frame.obj
 0002:0005c4f0       ___CxxRegisterExceptionObject 100954f0 f   LIBCMTD:frame.obj
 0002:0005c670       ___CxxDetectRethrow        10095670 f   LIBCMTD:frame.obj
 0002:0005c720       ___CxxUnregisterExceptionObject 10095720 f   LIBCMTD:frame.obj
 0002:0005c900       ___CxxQueryExceptionSize   10095900 f   LIBCMTD:frame.obj
 0002:0005c910       ___CxxCallUnwindDtor       10095910 f   LIBCMTD:frame.obj
 0002:0005c9b0       ___CxxCallUnwindDelDtor    100959b0 f   LIBCMTD:frame.obj
 0002:0005ca50       ___CxxCallUnwindStdDelDtor 10095a50 f   LIBCMTD:frame.obj
 0002:0005caf0       ___CxxCallUnwindVecDtor    10095af0 f   LIBCMTD:frame.obj
 0002:0005cdc0       ?_is_exception_typeof@@YAHABVtype_info@@PAU_EXCEPTION_POINTERS@@@Z 10095dc0 f   LIBCMTD:frame.obj
 0002:0005ced0       __CallSettingFrame@12      10095ed0 f   LIBCMTD:lowhelpr.obj
 0002:0005cef7       __NLG_Return               10095ef7     LIBCMTD:lowhelpr.obj
 0002:0005cf30       ___ansicp                  10095f30 f   LIBCMTD:convrtcp.obj
 0002:0005cfa0       ___convertcp               10095fa0 f   LIBCMTD:convrtcp.obj
 0002:0005d280       __get_daylight             10096280 f   LIBCMTD:timeset.obj
 0002:0005d320       __get_dstbias              10096320 f   LIBCMTD:timeset.obj
 0002:0005d3c0       __get_timezone             100963c0 f   LIBCMTD:timeset.obj
 0002:0005d460       __get_tzname               10096460 f   LIBCMTD:timeset.obj
 0002:0005d6b0       ___daylight                100966b0 f   LIBCMTD:timeset.obj
 0002:0005d6c0       ___dstbias                 100966c0 f   LIBCMTD:timeset.obj
 0002:0005d6d0       ___timezone                100966d0 f   LIBCMTD:timeset.obj
 0002:0005d6e0       ___tzname                  100966e0 f   LIBCMTD:timeset.obj
 0002:0005d6f0       ___tzset                   100966f0 f   LIBCMTD:tzset.obj
 0002:0005d7b0       __tzset                    100967b0 f   LIBCMTD:tzset.obj
 0002:0005dec0       __set_daylight             10096ec0 f i LIBCMTD:tzset.obj
 0002:0005dee0       __set_dstbias              10096ee0 f i LIBCMTD:tzset.obj
 0002:0005df00       __set_timezone             10096f00 f i LIBCMTD:tzset.obj
 0002:0005df20       __isindst                  10096f20 f   LIBCMTD:tzset.obj
 0002:0005e770       __stricmp_l                10097770 f   LIBCMTD:stricmp.obj
 0002:0005e980       ___ascii_stricmp           10097980 f   LIBCMTD:stricmp.obj
 0002:0005ea10       __stricmp                  10097a10 f   LIBCMTD:stricmp.obj
 0002:0005eb60       _atol                      10097b60 f   LIBCMTD:atox.obj
 0002:0005eb80       __atol_l                   10097b80 f   LIBCMTD:atox.obj
 0002:0005ebb0       _atoi                      10097bb0 f   LIBCMTD:atox.obj
 0002:0005ebd0       __atoi_l                   10097bd0 f   LIBCMTD:atox.obj
 0002:0005ebf0       __atoi64                   10097bf0 f   LIBCMTD:atox.obj
 0002:0005ec10       __atoi64_l                 10097c10 f   LIBCMTD:atox.obj
 0002:0005ec40       __wctomb_s_l               10097c40 f   LIBCMTD:wctomb.obj
 0002:0005f000       _wctomb_s                  10098000 f   LIBCMTD:wctomb.obj
 0002:0005f030       __wctomb_l                 10098030 f   LIBCMTD:wctomb.obj
 0002:0005f0d0       _wctomb                    100980d0 f   LIBCMTD:wctomb.obj
 0002:0005f130       ?_RTC_GetSrcLine@@YAHPAEPA_WKPAH1K@Z 10098130 f   LIBCMTD:_pdblkup_.obj
 0002:0005f6f0       __RTC_NumErrors            100986f0 f   LIBCMTD:_userapi_.obj
 0002:0005f700       __RTC_GetErrDesc           10098700 f   LIBCMTD:_userapi_.obj
 0002:0005f720       __RTC_SetErrorType         10098720 f   LIBCMTD:_userapi_.obj
 0002:0005f750       __RTC_SetErrorFunc         10098750 f   LIBCMTD:_userapi_.obj
 0002:0005f780       __RTC_SetErrorFuncW        10098780 f   LIBCMTD:_userapi_.obj
 0002:0005f7b0       ?_RTC_GetErrorFunc@@YAP6AHHPBDH00ZZPBX@Z 100987b0 f   LIBCMTD:_userapi_.obj
 0002:0005f7c0       ?_RTC_GetErrorFuncW@@YAP6AHHPB_WH00ZZPBX@Z 100987c0 f   LIBCMTD:_userapi_.obj
 0002:0005f7d0       ___crtGetStringTypeW       100987d0 f   LIBCMTD:w_str.obj
 0002:0005f870       __tolower                  10098870 f   LIBCMTD:tolower.obj
 0002:0005f880       __tolower_l                10098880 f   LIBCMTD:tolower.obj
 0002:0005fad0       _tolower                   10098ad0 f   LIBCMTD:tolower.obj
 0002:0005fb30       ___ascii_strnicmp          10098b30 f   LIBCMTD:_strnicm.obj
 0002:0005fbb0       _strtol                    10098bb0 f   LIBCMTD:strtol.obj
 0002:00060230       __strtol_l                 10099230 f   LIBCMTD:strtol.obj
 0002:00060260       _strtoul                   10099260 f   LIBCMTD:strtol.obj
 0002:000602c0       __strtoul_l                100992c0 f   LIBCMTD:strtol.obj
 0002:000602f0       _wcstol                    100992f0 f   LIBCMTD:wcstol.obj
 0002:00060890       __wcstol_l                 10099890 f   LIBCMTD:wcstol.obj
 0002:000608c0       _wcstoul                   100998c0 f   LIBCMTD:wcstol.obj
 0002:00060920       __wcstoul_l                10099920 f   LIBCMTD:wcstol.obj
 0002:00060950       __stbuf                    10099950 f   LIBCMTD:_sftbuf.obj
 0002:00060b00       __ftbuf                    10099b00 f   LIBCMTD:_sftbuf.obj
 0002:00060bb0       _vprintf_helper            10099bb0 f   LIBCMTD:vprintf.obj
 0002:00060d10       __vprintf_l                10099d10 f   LIBCMTD:vprintf.obj
 0002:00060d40       __vprintf_s_l              10099d40 f   LIBCMTD:vprintf.obj
 0002:00060d70       __vprintf_p_l              10099d70 f   LIBCMTD:vprintf.obj
 0002:00060da0       _vprintf                   10099da0 f   LIBCMTD:vprintf.obj
 0002:00060dd0       _vprintf_s                 10099dd0 f   LIBCMTD:vprintf.obj
 0002:00060e00       __vprintf_p                10099e00 f   LIBCMTD:vprintf.obj
 0002:00060e30       __flswbuf                  10099e30 f   LIBCMTD:_flswbuf.obj
 0002:000611c0       ?_ValidateRead@@YAHPBXI@Z  1009a1c0 f   LIBCMTD:validate.obj
 0002:000611f0       ?_ValidateWrite@@YAHPAXI@Z 1009a1f0 f   LIBCMTD:validate.obj
 0002:00061220       ?_ValidateExecute@@YAHP6GHXZ@Z 1009a220 f   LIBCMTD:validate.obj
 0002:00061250       __CxxThrowException@8      1009a250 f   LIBCMTD:throw.obj
 0002:000612c0       ?name@type_info@@QBEPBDPAU__type_info_node@@@Z 1009a2c0 f   LIBCMTD:typinfo.obj
 0002:000612f0       ??1type_info@@UAE@XZ       1009a2f0 f   LIBCMTD:typinfo.obj
 0002:00061320       ??_Etype_info@@UAEPAXI@Z   1009a320 f i LIBCMTD:typinfo.obj
 0002:00061320       ??_Gtype_info@@UAEPAXI@Z   1009a320 f i LIBCMTD:typinfo.obj
 0002:00061360       ?_name_internal_method@type_info@@QBEPBDPAU__type_info_node@@@Z 1009a360 f   LIBCMTD:typinfo.obj
 0002:00061390       ?_type_info_dtor_internal_method@type_info@@QAEXXZ 1009a390 f   LIBCMTD:typinfo.obj
 0002:000613b0       ??8type_info@@QBE_NABV0@@Z 1009a3b0 f   LIBCMTD:typinfo.obj
 0002:000613f0       ??9type_info@@QBE_NABV0@@Z 1009a3f0 f   LIBCMTD:typinfo.obj
 0002:00061430       ?before@type_info@@QBEHABV1@@Z 1009a430 f   LIBCMTD:typinfo.obj
 0002:00061470       ?raw_name@type_info@@QBEPBDXZ 1009a470 f   LIBCMTD:typinfo.obj
 0002:00061490       ??0type_info@@AAE@ABV0@@Z  1009a490 f   LIBCMTD:typinfo.obj
 0002:000614c0       ??4type_info@@AAEAAV0@ABV0@@Z 1009a4c0 f   LIBCMTD:typinfo.obj
 0002:000614e0       ??0exception@std@@QAE@XZ   1009a4e0 f   LIBCMTD:stdexcpt.obj
 0002:00061520       ??_Gexception@std@@UAEPAXI@Z 1009a520 f i LIBCMTD:stdexcpt.obj
 0002:00061520       ??_Eexception@std@@UAEPAXI@Z 1009a520 f i LIBCMTD:stdexcpt.obj
 0002:00061560       ??0exception@std@@QAE@ABQBD@Z 1009a560 f   LIBCMTD:stdexcpt.obj
 0002:00061610       ??0exception@std@@QAE@ABQBDH@Z 1009a610 f   LIBCMTD:stdexcpt.obj
 0002:00061650       ??0exception@std@@QAE@ABV01@@Z 1009a650 f   LIBCMTD:stdexcpt.obj
 0002:00061720       ??4exception@std@@QAEAAV01@ABV01@@Z 1009a720 f   LIBCMTD:stdexcpt.obj
 0002:000617f0       ??1exception@std@@UAE@XZ   1009a7f0 f   LIBCMTD:stdexcpt.obj
 0002:00061830       ?what@exception@std@@UBEPBDXZ 1009a830 f   LIBCMTD:stdexcpt.obj
 0002:00061860       ??0bad_cast@std@@QAE@PBD@Z 1009a860 f   LIBCMTD:stdexcpt.obj
 0002:00061890       ??_Gbad_cast@std@@UAEPAXI@Z 1009a890 f i LIBCMTD:stdexcpt.obj
 0002:00061890       ??_Ebad_cast@std@@UAEPAXI@Z 1009a890 f i LIBCMTD:stdexcpt.obj
 0002:000618d0       ??0bad_cast@std@@QAE@ABV01@@Z 1009a8d0 f   LIBCMTD:stdexcpt.obj
 0002:00061900       ??1bad_cast@std@@UAE@XZ    1009a900 f   LIBCMTD:stdexcpt.obj
 0002:00061930       ??0bad_typeid@std@@QAE@PBD@Z 1009a930 f   LIBCMTD:stdexcpt.obj
 0002:00061960       ??_Ebad_typeid@std@@UAEPAXI@Z 1009a960 f i LIBCMTD:stdexcpt.obj
 0002:00061960       ??_Gbad_typeid@std@@UAEPAXI@Z 1009a960 f i LIBCMTD:stdexcpt.obj
 0002:000619a0       ??0bad_typeid@std@@QAE@ABV01@@Z 1009a9a0 f   LIBCMTD:stdexcpt.obj
 0002:000619d0       ??1bad_typeid@std@@UAE@XZ  1009a9d0 f   LIBCMTD:stdexcpt.obj
 0002:00061a00       ??0__non_rtti_object@std@@QAE@PBD@Z 1009aa00 f   LIBCMTD:stdexcpt.obj
 0002:00061a30       ??_E__non_rtti_object@std@@UAEPAXI@Z 1009aa30 f i LIBCMTD:stdexcpt.obj
 0002:00061a30       ??_G__non_rtti_object@std@@UAEPAXI@Z 1009aa30 f i LIBCMTD:stdexcpt.obj
 0002:00061a70       ??0__non_rtti_object@std@@QAE@ABV01@@Z 1009aa70 f   LIBCMTD:stdexcpt.obj
 0002:00061aa0       ??1__non_rtti_object@std@@UAE@XZ 1009aaa0 f   LIBCMTD:stdexcpt.obj
 0002:00061ad0       ??3@YAXPAX@Z               1009aad0 f   LIBCMTD:dbgdel.obj
 0002:00061bf0       _getenv                    1009abf0 f   LIBCMTD:getenv.obj
 0002:00061da0       __getenv_helper_nolock     1009ada0 f   LIBCMTD:getenv.obj
 0002:00061f00       _getenv_s                  1009af00 f   LIBCMTD:getenv.obj
 0002:000621b0       __dupenv_s                 1009b1b0 f   LIBCMTD:getenv.obj
 0002:000621e0       __dupenv_s_dbg             1009b1e0 f   LIBCMTD:getenv.obj
 0002:000624c0       __strtoi64                 1009b4c0 f   LIBCMTD:strtoq.obj
 0002:00062b90       __strtoi64_l               1009bb90 f   LIBCMTD:strtoq.obj
 0002:00062bc0       __strtoui64                1009bbc0 f   LIBCMTD:strtoq.obj
 0002:00062c20       __strtoui64_l              1009bc20 f   LIBCMTD:strtoq.obj
 0002:00062c50       __wchartodigit             1009bc50 f   LIBCMTD:wchtodig.obj
 0002:00063040       ?_Type_info_dtor@type_info@@CAXPAV1@@Z 1009c040 f   LIBCMTD:typname.obj
 0002:00063190       ?_Name_base@type_info@@CAPBDPBV1@PAU__type_info_node@@@Z 1009c190 f   LIBCMTD:typname.obj
 0002:000633a0       ?_Type_info_dtor_internal@type_info@@CAXPAV1@@Z 1009c3a0 f   LIBCMTD:typname.obj
 0002:000634f0       ___unDNameHelper           1009c4f0 f   LIBCMTD:typname.obj
 0002:00063540       ?_Name_base_internal@type_info@@CAPBDPBV1@PAU__type_info_node@@@Z 1009c540 f   LIBCMTD:typname.obj
 0002:00063770       ___clean_type_info_names_internal 1009c770 f   LIBCMTD:typname.obj
 0002:00063850       _strnlen                   1009c850 f   LIBCMTD:strlen_s.obj
 0002:000638a0       __mbsnbicoll_l             1009c8a0 f   LIBCMTD:mbsnbico.obj
 0002:00063b70       __mbsnbicoll               1009cb70 f   LIBCMTD:mbsnbico.obj
 0002:00063ba0       ___wtomb_environ           1009cba0 f   LIBCMTD:wtombenv.obj
 0002:00063cd0       __allmul                   1009ccd0 f   LIBCMTD:llmul.obj
 0002:00063d20       ___unDName                 1009cd20 f   LIBCMTD:undname.obj
 0002:00063e30       ?Constructor@HeapManager@@QAEXP6APAXI@ZP6AXPAX@Z@Z 1009ce30 f i LIBCMTD:undname.obj
 0002:00063e80       ?Destructor@HeapManager@@QAEXXZ 1009ce80 f i LIBCMTD:undname.obj
 0002:00063ee0       ___unDNameEx               1009cee0 f   LIBCMTD:undname.obj
 0002:00063ff0       ??0UnDecorator@@QAE@PADPBDHP6APADJ@ZK@Z 1009cff0 f i LIBCMTD:undname.obj
 0002:000640b0       ??BUnDecorator@@QAEPADXZ   1009d0b0 f i LIBCMTD:undname.obj
 0002:00064370       ?dbGetString@DName@@QBEPADXZ 1009d370 f   LIBCMTD:undname.obj
 0002:000643a0       ?getDecoratedName@UnDecorator@@CA?AVDName@@XZ 1009d3a0 f   LIBCMTD:undname.obj
 0002:00064780       ?getSymbolName@UnDecorator@@CA?AVDName@@XZ 1009d780 f i LIBCMTD:undname.obj
 0002:00064810       ?getZName@UnDecorator@@CA?AVDName@@_N0@Z 1009d810 f   LIBCMTD:undname.obj
 0002:00064b60       ?getOperatorName@UnDecorator@@CA?AVDName@@_NPA_N@Z 1009db60 f i LIBCMTD:undname.obj
 0002:00065720       ?getStringEncoding@UnDecorator@@CA?AVDName@@PADH@Z 1009e720 f   LIBCMTD:undname.obj
 0002:00065860       ?getScope@UnDecorator@@CA?AVDName@@XZ 1009e860 f   LIBCMTD:undname.obj
 0002:00065d30       ?getSignedDimension@UnDecorator@@CA?AVDName@@XZ 1009ed30 f   LIBCMTD:undname.obj
 0002:00065dd0       ?getDimension@UnDecorator@@CA?AVDName@@_N@Z 1009edd0 f   LIBCMTD:undname.obj
 0002:00066130       ?getNumberOfDimensions@UnDecorator@@CAHXZ 1009f130 f   LIBCMTD:undname.obj
 0002:00066270       ?getTemplateName@UnDecorator@@CA?AVDName@@_N@Z 1009f270 f   LIBCMTD:undname.obj
 0002:000664a0       ?getTemplateArgumentList@UnDecorator@@CA?AVDName@@XZ 1009f4a0 f   LIBCMTD:undname.obj
 0002:000667c0       ?getTemplateConstant@UnDecorator@@CA?AVDName@@XZ 1009f7c0 f   LIBCMTD:undname.obj
 0002:00066d70       ?composeDeclaration@UnDecorator@@CA?AVDName@@ABV2@@Z 1009fd70 f i LIBCMTD:undname.obj
 0002:000688e0       ?getTypeEncoding@UnDecorator@@CAHXZ 100a18e0 f i LIBCMTD:undname.obj
 0002:000695b0       ?getBasedType@UnDecorator@@CA?AVDName@@XZ 100a25b0 f   LIBCMTD:undname.obj
 0002:000696a0       ?getScopedName@UnDecorator@@CA?AVDName@@XZ 100a26a0 f   LIBCMTD:undname.obj
 0002:00069800       ?getCallingConvention@UnDecorator@@CA?AVDName@@XZ 100a2800 f   LIBCMTD:undname.obj
 0002:000699b0       ?getReturnType@UnDecorator@@CA?AVDName@@PAV2@@Z 100a29b0 f   LIBCMTD:undname.obj
 0002:00069a10       ?getDataType@UnDecorator@@CA?AVDName@@PAV2@@Z 100a2a10 f   LIBCMTD:undname.obj
 0002:00069b70       ?getPrimaryDataType@UnDecorator@@CA?AVDName@@ABV2@@Z 100a2b70 f   LIBCMTD:undname.obj
 0002:00069ec0       ?getArgumentTypes@UnDecorator@@CA?AVDName@@XZ 100a2ec0 f   LIBCMTD:undname.obj
 0002:0006a070       ?getArgumentList@UnDecorator@@CA?AVDName@@XZ 100a3070 f   LIBCMTD:undname.obj
 0002:0006a210       ?getThrowTypes@UnDecorator@@CA?AVDName@@XZ 100a3210 f   LIBCMTD:undname.obj
 0002:0006a2f0       ?getBasicDataType@UnDecorator@@CA?AVDName@@ABV2@@Z 100a32f0 f   LIBCMTD:undname.obj
 0002:0006aa00       ?getECSUDataType@UnDecorator@@CA?AVDName@@XZ 100a3a00 f   LIBCMTD:undname.obj
 0002:0006ac50       ?getECSUName@UnDecorator@@CA?AVDName@@XZ 100a3c50 f i LIBCMTD:undname.obj
 0002:0006ac70       ?getEnumType@UnDecorator@@CA?AVDName@@XZ 100a3c70 f i LIBCMTD:undname.obj
 0002:0006ae10       ?getFunctionIndirectType@UnDecorator@@CA?AVDName@@ABV2@@Z 100a3e10 f   LIBCMTD:undname.obj
 0002:0006b360       ?getPtrRefType@UnDecorator@@CA?AVDName@@ABV2@0D@Z 100a4360 f   LIBCMTD:undname.obj
 0002:0006b520       ?getExtendedDataIndirectType@UnDecorator@@CA?AVDName@@AADAA_NH@Z 100a4520 f   LIBCMTD:undname.obj
 0002:0006b7b0       ?getDataIndirectType@UnDecorator@@CA?AVDName@@ABV2@D0H@Z 100a47b0 f   LIBCMTD:undname.obj
 0002:0006c070       ?getPtrRefDataType@UnDecorator@@CA?AVDName@@ABV2@H@Z 100a5070 f i LIBCMTD:undname.obj
 0002:0006c200       ?getArrayType@UnDecorator@@CA?AVDName@@ABV2@@Z 100a5200 f i LIBCMTD:undname.obj
 0002:0006c4c0       ?getLexicalFrame@UnDecorator@@CA?AVDName@@XZ 100a54c0 f i LIBCMTD:undname.obj
 0002:0006c510       ?getThisType@UnDecorator@@CA?AVDName@@XZ 100a5510 f i LIBCMTD:undname.obj
 0002:0006c550       ?getPointerType@UnDecorator@@CA?AVDName@@ABV2@0@Z 100a5550 f i LIBCMTD:undname.obj
 0002:0006c580       ?getPointerTypeArray@UnDecorator@@CA?AVDName@@ABV2@0@Z 100a5580 f i LIBCMTD:undname.obj
 0002:0006c5b0       ?getReferenceType@UnDecorator@@CA?AVDName@@ABV2@0@Z 100a55b0 f i LIBCMTD:undname.obj
 0002:0006c5e0       ?getDisplacement@UnDecorator@@CA?AVDName@@XZ 100a55e0 f i LIBCMTD:undname.obj
 0002:0006c600       ?getCallIndex@UnDecorator@@CA?AVDName@@XZ 100a5600 f i LIBCMTD:undname.obj
 0002:0006c620       ?getGuardNumber@UnDecorator@@CA?AVDName@@XZ 100a5620 f i LIBCMTD:undname.obj
 0002:0006c640       ?getVbTableType@UnDecorator@@CA?AVDName@@ABV2@@Z 100a5640 f i LIBCMTD:undname.obj
 0002:0006c660       ?getVCallThunkType@UnDecorator@@CA?AVDName@@XZ 100a5660 f i LIBCMTD:undname.obj
 0002:0006c6e0       ?getVfTableType@UnDecorator@@CA?AVDName@@ABV2@@Z 100a56e0 f i LIBCMTD:undname.obj
 0002:0006c910       ?getStorageConvention@UnDecorator@@CA?AVDName@@XZ 100a5910 f i LIBCMTD:undname.obj
 0002:0006c930       ?getDataIndirectType@UnDecorator@@CA?AVDName@@XZ 100a5930 f i LIBCMTD:undname.obj
 0002:0006c970       ?getVdispMapType@UnDecorator@@CA?AVDName@@ABV2@@Z 100a5970 f i LIBCMTD:undname.obj
[...]
 0004:00000580       ___flsindex                100c1580     LIBCMTD:tidtable.obj
 0004:00000584       ___getvalueindex           100c1584     LIBCMTD:tidtable.obj
 0004:0000058c       __aexit_rtn                100c158c     LIBCMTD:crt0dat.obj
 0004:00000590       ___badioinfo               100c1590     LIBCMTD:ioinit.obj
 0004:000005dc       __amblksiz                 100c15dc     LIBCMTD:heapinit.obj
 0004:000005e0       __First_FPE_Indx           100c15e0     LIBCMTD:winxfltr.obj
 0004:000005e4       __Num_FPE                  100c15e4     LIBCMTD:winxfltr.obj
 0004:000005e8       __XcptActTabSize           100c15e8     LIBCMTD:winxfltr.obj
 0004:000005ec       __XcptActTabCount          100c15ec     LIBCMTD:winxfltr.obj
 0004:00000754       __pfnAllocHook             100c1754     LIBCMTD:dbghook.obj
 0004:00000758       __crtAssertBusy            100c1758     LIBCMTD:dbgrptt.obj
 0004:0000075c       __CrtDbgMode               100c175c     LIBCMTD:dbgrptt.obj
 0004:00000768       __CrtDbgFile               100c1768     LIBCMTD:dbgrptt.obj
 0004:00000788       ___initialmbcinfo          100c1788     LIBCMTD:mbctype.obj
 0004:000009a8       __mbctype                  100c19a8     LIBCMTD:mbctype.obj
 0004:00000ab0       __mbcasemap                100c1ab0     LIBCMTD:mbctype.obj
 0004:00000bb0       ___ptmbcinfo               100c1bb0     LIBCMTD:mbctype.obj
 0004:00000db4       ___globallocalestatus      100c1db4     LIBCMTD:glstatus.obj
 0004:00000db8       ___clocalestr              100c1db8     LIBCMTD:nlsdata2.obj
 0004:00000dc0       ___initiallocinfo          100c1dc0     LIBCMTD:nlsdata2.obj
 0004:00000e98       ___ptlocinfo               100c1e98     LIBCMTD:nlsdata2.obj
 0004:00000e9c       ___lc_clike                100c1e9c     LIBCMTD:nlsdata2.obj
 0004:00000ea0       ___initiallocalestructinfo 100c1ea0     LIBCMTD:nlsdata2.obj
 0004:00000ee0       __NLG_Destination          100c1ee0     LIBCMTD:exsup.obj
 0004:00000ef4       __cfltcvt_tab              100c1ef4     LIBCMTD:cmiscdat.obj
 0004:00001010       __pctype                   100c2010     LIBCMTD:ctype.obj
 0004:00001014       __pwctype                  100c2014     LIBCMTD:ctype.obj
 0004:00001020       ___lc_time_c               100c2020     LIBCMTD:strftime.obj
 0004:000010fc       ___lc_time_curr            100c20fc     LIBCMTD:strftime.obj
 0004:00001100       ___lconv_static_decimal    100c2100     LIBCMTD:lconv.obj
 0004:00001104       ___lconv_c                 100c2104     LIBCMTD:lconv.obj
 0004:00001134       ___lconv                   100c2134     LIBCMTD:lconv.obj
 0004:00001150       ___mb_cur_max              100c2150     LIBCMTD:nlsdata1.obj
 0004:00001154       ___decimal_point           100c2154     LIBCMTD:nlsdata1.obj
 0004:00001158       ___decimal_point_length    100c2158     LIBCMTD:nlsdata1.obj
 0004:00001160       ___nullstring              100c2160     LIBCMTD:output.obj
 0004:00001164       ___wnullstring             100c2164     LIBCMTD:output.obj
 0004:0000116c       ?_RTC_ErrorLevels@@3PAHA   100c216c     LIBCMTD:_error_.obj
 0004:00001184       __coninpfh                 100c2184     LIBCMTD:initcon.obj
 0004:00001188       __confh                    100c2188     LIBCMTD:initcon.obj
 0004:00001190       __lookuptrailbytes         100c2190     LIBCMTD:read.obj
 0004:000012c4       ___abort_behavior          100c22c4     LIBCMTD:abort.obj
 0004:000012d4       ??_R0?AVbad_exception@std@@@8 100c22d4     LIBCMTD:frame.obj
 0004:000012fc       ??_R0?AVexception@std@@@8  100c22fc     LIBCMTD:frame.obj
 0004:00001320       __timezone                 100c2320     LIBCMTD:timeset.obj
 0004:00001324       __daylight                 100c2324     LIBCMTD:timeset.obj
 0004:00001328       __dstbias                  100c2328     LIBCMTD:timeset.obj
 0004:000013b0       __tzname                   100c23b0     LIBCMTD:timeset.obj
 0004:00001404       ??_R0?AVtype_info@@@8      100c2404     LIBCMTD:typinfo.obj
 0004:00001424       ??_R0?AVbad_cast@std@@@8   100c2424     LIBCMTD:stdexcpt.obj
 0004:00001444       ??_R0?AVbad_typeid@std@@@8 100c2444     LIBCMTD:stdexcpt.obj
 0004:00001468       ??_R0?AV__non_rtti_object@std@@@8 100c2468     LIBCMTD:stdexcpt.obj
 0004:00001494       __lpdays                   100c2494     LIBCMTD:days.obj
 0004:000014c8       __days                     100c24c8     LIBCMTD:days.obj
 0004:00001660       _voVP6_hModule             100c2660     voVP6DecFront.obj
 0004:00001668       __aenvptr                  100c2668     LIBCMTD:dllcrt0.obj
 0004:0000166c       __wenvptr                  100c266c     LIBCMTD:dllcrt0.obj
 0004:00001670       ___error_mode              100c2670     LIBCMTD:dllcrt0.obj
 0004:00001674       ___app_type                100c2674     LIBCMTD:dllcrt0.obj
 0004:0000167c       __cflush                   100c267c     LIBCMTD:_file.obj
 0004:00001680       ___pInvalidArgHandler      100c2680     LIBCMTD:invarg.obj
 0004:00001698       ?_pfnDumpClient@@3P6AXPAXI@ZA 100c2698     LIBCMTD:dbgheap.obj
 0004:000016a0       ___crtDebugCheckCount      100c26a0     LIBCMTD:dbgheap.obj
 0004:000016b0       __newmode                  100c26b0     LIBCMTD:_newmode.obj
 0004:000016b4       _gpFlsAlloc                100c26b4     LIBCMTD:tidtable.obj
 0004:000016b8       _gpFlsGetValue             100c26b8     LIBCMTD:tidtable.obj
 0004:000016bc       _gpFlsSetValue             100c26bc     LIBCMTD:tidtable.obj
 0004:000016c0       _gpFlsFree                 100c26c0     LIBCMTD:tidtable.obj
 0004:000016c8       __umaskval                 100c26c8     LIBCMTD:crt0dat.obj
 0004:000016cc       ___argc                    100c26cc     LIBCMTD:crt0dat.obj
 0004:000016d0       ___argv                    100c26d0     LIBCMTD:crt0dat.obj
 0004:000016d4       ___wargv                   100c26d4     LIBCMTD:crt0dat.obj
 0004:000016d8       __environ                  100c26d8     LIBCMTD:crt0dat.obj
 0004:000016dc       ___initenv                 100c26dc     LIBCMTD:crt0dat.obj
 0004:000016e0       __wenviron                 100c26e0     LIBCMTD:crt0dat.obj
 0004:000016e4       ___winitenv                100c26e4     LIBCMTD:crt0dat.obj
 0004:000016e8       __pgmptr                   100c26e8     LIBCMTD:crt0dat.obj
 0004:000016ec       __wpgmptr                  100c26ec     LIBCMTD:crt0dat.obj
 0004:000016f0       __exitflag                 100c26f0     LIBCMTD:crt0dat.obj
 0004:000016f4       __C_Termination_Done       100c26f4     LIBCMTD:crt0dat.obj
 0004:000016f8       __C_Exit_Done              100c26f8     LIBCMTD:crt0dat.obj
 0004:00001850       __crtheap                  100c2850     LIBCMTD:heapinit.obj
 0004:00001e00       ?_pnhHeap@@3P6AHI@ZA       100c2e00     LIBCMTD:handler.obj
 0004:00001e10       ___sbh_pHeaderDefer        100c2e10     LIBCMTD:sbheap.obj
 0004:00001e18       ___mbulinfo                100c2e18     LIBCMTD:mbctype.obj
 0004:00001e24       ___mbcodepage              100c2e24     LIBCMTD:mbctype.obj
 0004:00001e28       ___ismbcodepage            100c2e28     LIBCMTD:mbctype.obj
 0004:00001e2c       ___mblcid                  100c2e2c     LIBCMTD:mbctype.obj
 0004:00001e38       ___locale_changed          100c2e38     LIBCMTD:setlocal.obj
 0004:00001e3c       ___lc_handle               100c2e3c     LIBCMTD:nlsdata2.obj
 0004:00001e54       ___lc_codepage             100c2e54     LIBCMTD:nlsdata2.obj
 0004:00001e58       ___lc_collate_cp           100c2e58     LIBCMTD:nlsdata2.obj
 0004:00001e64       __commode                  100c2e64     LIBCMTD:ncommode.obj
 0004:00002224       ?__pInconsistency@@3P6AXXZA 100c3224     LIBCMTD:hooks.obj
 0004:00002234       ___pPurecall               100c3234     LIBCMTD:inithelp.obj
 0004:0000225c       ___lconv_static_null       100c325c     LIBCMTD:lconv.obj
 0004:00002260       ?wsprintffp@@3P6AHPADPBDZZA 100c3260     LIBCMTD:_error_.obj
 0004:00002364       __fmode                    100c3364     LIBCMTD:txtmode.obj
 0004:00002368       __stdbuf                   100c3368     LIBCMTD:_sftbuf.obj
 0004:00002394       ?pArgList@UnDecorator@@0PAVReplicator@@A 100c3394     LIBCMTD:undname.obj
 0004:00002398       ?pZNameList@UnDecorator@@0PAVReplicator@@A 100c3398     LIBCMTD:undname.obj
 0004:0000239c       ?pTemplateArgList@UnDecorator@@0PAVReplicator@@A 100c339c     LIBCMTD:undname.obj
 0004:000023a0       ?gName@UnDecorator@@0PBDB  100c33a0     LIBCMTD:undname.obj
 0004:000023a4       ?name@UnDecorator@@0PBDB   100c33a4     LIBCMTD:undname.obj
 0004:000023a8       ?outputString@UnDecorator@@0PADA 100c33a8     LIBCMTD:undname.obj
 0004:000023ac       ?maxStringLength@UnDecorator@@0HA 100c33ac     LIBCMTD:undname.obj
 0004:000023b0       ?disableFlags@UnDecorator@@0KA 100c33b0     LIBCMTD:undname.obj
 0004:000023b4       ?m_pGetParameter@UnDecorator@@0P6APADJ@ZA 100c33b4     LIBCMTD:undname.obj
 0004:000023b8       ?fExplicitTemplateParams@UnDecorator@@0_NA 100c33b8     LIBCMTD:undname.obj
 0004:000023b9       ?fGetTemplateArgumentList@UnDecorator@@0_NA 100c33b9     LIBCMTD:undname.obj
 0004:00002428       ?nodes@?1??make@DNameStatusNode@@SAPAV2@W4DNameStatus@@@Z@4PAV2@A 100c3428     LIBCMTD:undname.obj
 0004:00002464       ??_B?1??make@DNameStatusNode@@SAPAV1@W4DNameStatus@@@Z@51 100c3464     LIBCMTD:undname.obj
 0004:00002480       _voVP6Dec00000134          100c3480     <common>
 0004:000024c0       _voVP6Dec00000025          100c34c0     <common>
 0004:00002864       ___setlc_active            100c3864     <common>
 0004:00002874       ___unguarded_readlc_active 100c3874     <common>
 0004:00002878       ___sbh_initialized         100c3878     <common>
 0004:0000288c       ___sbh_cntHeaderList       100c388c     <common>
 0004:00002890       ___sbh_pHeaderList         100c3890     <common>
 0004:00002894       ___sbh_threshold           100c3894     <common>
 0004:00002898       ___sbh_pHeaderScan         100c3898     <common>
 0004:0000289c       ___sbh_sizeHeaderList      100c389c     <common>
 0004:000028a0       ___sbh_indGroupDefer       100c38a0     <common>
 0004:000028a4       __pfnReportHook            100c38a4     <common>
 0004:000028b4       __pReportHookListW         100c38b4     <common>
 0004:000028b8       __pReportHookList          100c38b8     <common>
 0004:000028bc       __debugger_hook_dummy      100c38bc     <common>
 0004:000028c8       ___active_heap             100c38c8     <common>
 0004:000028d4       __nhandle                  100c38d4     <common>
 0004:00002920       ___pioinfo                 100c3920     <common>
 0004:00002a20       ___env_initialized         100c3a20     <common>
 0004:00002a30       ___onexitend               100c3a30     <common>
 0004:00002a34       ___onexitbegin             100c3a34     <common>
 0004:00002a38       ___mbctype_initialized     100c3a38     <common>
 0004:00002a3c       __FPinit                   100c3a3c     <common>
 0004:00002a40       ___dyn_tls_init_callback   100c3a40     <common>
 0004:00002a44       ___sse2_available          100c3a44     <common>
 0004:00002a50       ___piob                    100c3a50     <common>
 0004:00002da0       __bufin                    100c3da0     <common>
 0004:00003da0       __nstream                  100c4da0     <common>
 0004:00003da4       __acmdln                   100c4da4     <common>
 0005:00000000       __IMPORT_DESCRIPTOR_KERNEL32 100c5000     kernel32:KERNEL32.dll
 0005:00000014       __NULL_IMPORT_DESCRIPTOR   100c5014     kernel32:KERNEL32.dll
 0005:00000220       __imp__FreeLibrary@4       100c5220     kernel32:KERNEL32.dll
 0005:00000224       __imp__GetProcAddress@8    100c5224     kernel32:KERNEL32.dll
 0005:00000228       __imp__LoadLibraryW@4      100c5228     kernel32:KERNEL32.dll
 0005:0000022c       __imp__GetModuleFileNameW@12 100c522c     kernel32:KERNEL32.dll
 0005:00000230       __imp__GetCurrentThreadId@0 100c5230     kernel32:KERNEL32.dll
 0005:00000234       __imp__GetCommandLineA@0   100c5234     kernel32:KERNEL32.dll
 0005:00000238       __imp__EnterCriticalSection@4 100c5238     kernel32:KERNEL32.dll
 0005:0000023c       __imp__LeaveCriticalSection@4 100c523c     kernel32:KERNEL32.dll
 0005:00000240       __imp__TerminateProcess@8  100c5240     kernel32:KERNEL32.dll
 0005:00000244       __imp__GetCurrentProcess@0 100c5244     kernel32:KERNEL32.dll
 0005:00000248       __imp__UnhandledExceptionFilter@4 100c5248     kernel32:KERNEL32.dll
 0005:0000024c       __imp__SetUnhandledExceptionFilter@4 100c524c     kernel32:KERNEL32.dll
 0005:00000250       __imp__IsDebuggerPresent@0 100c5250     kernel32:KERNEL32.dll
 0005:00000254       __imp__HeapValidate@12     100c5254     kernel32:KERNEL32.dll
 0005:00000258       __imp__IsBadReadPtr@8      100c5258     kernel32:KERNEL32.dll
 0005:0000025c       __imp__GetLastError@0      100c525c     kernel32:KERNEL32.dll
 0005:00000260       __imp__CloseHandle@4       100c5260     kernel32:KERNEL32.dll
 0005:00000264       __imp__WriteFile@20        100c5264     kernel32:KERNEL32.dll
 0005:00000268       __imp__WideCharToMultiByte@32 100c5268     kernel32:KERNEL32.dll
 0005:0000026c       __imp__GetConsoleCP@0      100c526c     kernel32:KERNEL32.dll
 0005:00000270       __imp__GetConsoleMode@8    100c5270     kernel32:KERNEL32.dll
 0005:00000274       __imp__RtlUnwind@16        100c5274     kernel32:KERNEL32.dll
 0005:00000278       __imp__TlsGetValue@4       100c5278     kernel32:KERNEL32.dll
 0005:0000027c       __imp__GetModuleHandleW@4  100c527c     kernel32:KERNEL32.dll
 0005:00000280       __imp__TlsAlloc@0          100c5280     kernel32:KERNEL32.dll
 0005:00000284       __imp__TlsSetValue@8       100c5284     kernel32:KERNEL32.dll
 0005:00000288       __imp__TlsFree@4           100c5288     kernel32:KERNEL32.dll
 0005:0000028c       __imp__InterlockedIncrement@4 100c528c     kernel32:KERNEL32.dll
 0005:00000290       __imp__SetLastError@4      100c5290     kernel32:KERNEL32.dll
 0005:00000294       __imp__InterlockedDecrement@4 100c5294     kernel32:KERNEL32.dll
 0005:00000298       __imp__GetCurrentThread@0  100c5298     kernel32:KERNEL32.dll
 0005:0000029c       __imp__Sleep@4             100c529c     kernel32:KERNEL32.dll
 0005:000002a0       __imp__ExitProcess@4       100c52a0     kernel32:KERNEL32.dll
 0005:000002a4       __imp__SetHandleCount@4    100c52a4     kernel32:KERNEL32.dll
 0005:000002a8       __imp__GetStdHandle@4      100c52a8     kernel32:KERNEL32.dll
 0005:000002ac       __imp__GetFileType@4       100c52ac     kernel32:KERNEL32.dll
 0005:000002b0       __imp__GetStartupInfoA@4   100c52b0     kernel32:KERNEL32.dll
 0005:000002b4       __imp__DeleteCriticalSection@4 100c52b4     kernel32:KERNEL32.dll
 0005:000002b8       __imp__GetModuleFileNameA@12 100c52b8     kernel32:KERNEL32.dll
 0005:000002bc       __imp__FreeEnvironmentStringsA@4 100c52bc     kernel32:KERNEL32.dll
 0005:000002c0       __imp__GetEnvironmentStrings@0 100c52c0     kernel32:KERNEL32.dll
 0005:000002c4       __imp__FreeEnvironmentStringsW@4 100c52c4     kernel32:KERNEL32.dll
 0005:000002c8       __imp__GetEnvironmentStringsW@0 100c52c8     kernel32:KERNEL32.dll
 0005:000002cc       __imp__HeapDestroy@4       100c52cc     kernel32:KERNEL32.dll
 0005:000002d0       __imp__HeapCreate@12       100c52d0     kernel32:KERNEL32.dll
 0005:000002d4       __imp__HeapFree@12         100c52d4     kernel32:KERNEL32.dll
 0005:000002d8       __imp__VirtualFree@12      100c52d8     kernel32:KERNEL32.dll
 0005:000002dc       __imp__QueryPerformanceCounter@4 100c52dc     kernel32:KERNEL32.dll
 0005:000002e0       __imp__GetTickCount@0      100c52e0     kernel32:KERNEL32.dll
 0005:000002e4       __imp__GetCurrentProcessId@0 100c52e4     kernel32:KERNEL32.dll
 0005:000002e8       __imp__GetSystemTimeAsFileTime@4 100c52e8     kernel32:KERNEL32.dll
 0005:000002ec       __imp__FatalAppExitA@8     100c52ec     kernel32:KERNEL32.dll
 0005:000002f0       __imp__DebugBreak@0        100c52f0     kernel32:KERNEL32.dll
 0005:000002f4       __imp__OutputDebugStringA@4 100c52f4     kernel32:KERNEL32.dll
 0005:000002f8       __imp__WriteConsoleW@20    100c52f8     kernel32:KERNEL32.dll
 0005:000002fc       __imp__OutputDebugStringW@4 100c52fc     kernel32:KERNEL32.dll
 0005:00000300       __imp__SetConsoleCtrlHandler@8 100c5300     kernel32:KERNEL32.dll
 0005:00000304       __imp__HeapAlloc@12        100c5304     kernel32:KERNEL32.dll
 0005:00000308       __imp__HeapSize@12         100c5308     kernel32:KERNEL32.dll
 0005:0000030c       __imp__HeapReAlloc@16      100c530c     kernel32:KERNEL32.dll
 0005:00000310       __imp__VirtualAlloc@16     100c5310     kernel32:KERNEL32.dll
 0005:00000314       __imp__GetACP@0            100c5314     kernel32:KERNEL32.dll
 0005:00000318       __imp__GetOEMCP@0          100c5318     kernel32:KERNEL32.dll
 0005:0000031c       __imp__GetCPInfo@8         100c531c     kernel32:KERNEL32.dll
 0005:00000320       __imp__IsValidCodePage@4   100c5320     kernel32:KERNEL32.dll
 0005:00000324       __imp__SetStdHandle@8      100c5324     kernel32:KERNEL32.dll
 0005:00000328       __imp__FlushFileBuffers@4  100c5328     kernel32:KERNEL32.dll
 0005:0000032c       __imp__SetFilePointer@16   100c532c     kernel32:KERNEL32.dll
 0005:00000330       __imp__WriteConsoleA@20    100c5330     kernel32:KERNEL32.dll
 0005:00000334       __imp__GetConsoleOutputCP@0 100c5334     kernel32:KERNEL32.dll
 0005:00000338       __imp__MultiByteToWideChar@24 100c5338     kernel32:KERNEL32.dll
 0005:0000033c       __imp__CreateFileA@28      100c533c     kernel32:KERNEL32.dll
 0005:00000340       __imp__InitializeCriticalSectionAndSpinCount@8 100c5340     kernel32:KERNEL32.dll
 0005:00000344       __imp__InterlockedExchange@8 100c5344     kernel32:KERNEL32.dll
 0005:00000348       __imp__LoadLibraryA@4      100c5348     kernel32:KERNEL32.dll
 0005:0000034c       __imp__LCMapStringA@24     100c534c     kernel32:KERNEL32.dll
 0005:00000350       __imp__LCMapStringW@24     100c5350     kernel32:KERNEL32.dll
 0005:00000354       __imp__GetStringTypeA@20   100c5354     kernel32:KERNEL32.dll
 0005:00000358       __imp__GetStringTypeW@16   100c5358     kernel32:KERNEL32.dll
 0005:0000035c       __imp__GetTimeFormatA@24   100c535c     kernel32:KERNEL32.dll
 0005:00000360       __imp__GetDateFormatA@24   100c5360     kernel32:KERNEL32.dll
 0005:00000364       __imp__GetLocaleInfoA@16   100c5364     kernel32:KERNEL32.dll
 0005:00000368       __imp__IsValidLocale@8     100c5368     kernel32:KERNEL32.dll
 0005:0000036c       __imp__EnumSystemLocalesA@8 100c536c     kernel32:KERNEL32.dll
 0005:00000370       __imp__GetUserDefaultLCID@0 100c5370     kernel32:KERNEL32.dll
 0005:00000374       __imp__RaiseException@16   100c5374     kernel32:KERNEL32.dll
 0005:00000378       __imp__lstrlenA@4          100c5378     kernel32:KERNEL32.dll
 0005:0000037c       __imp__SetEndOfFile@4      100c537c     kernel32:KERNEL32.dll
 0005:00000380       __imp__GetProcessHeap@0    100c5380     kernel32:KERNEL32.dll
 0005:00000384       __imp__ReadFile@20         100c5384     kernel32:KERNEL32.dll
 0005:00000388       __imp__GetLocaleInfoW@16   100c5388     kernel32:KERNEL32.dll
 0005:0000038c       __imp__GetTimeZoneInformation@4 100c538c     kernel32:KERNEL32.dll
 0005:00000390       __imp__VirtualQuery@12     100c5390     kernel32:KERNEL32.dll
 0005:00000394       __imp__CompareStringA@24   100c5394     kernel32:KERNEL32.dll
 0005:00000398       __imp__CompareStringW@24   100c5398     kernel32:KERNEL32.dll
 0005:0000039c       __imp__SetEnvironmentVariableA@8 100c539c     kernel32:KERNEL32.dll
 0005:000003a0       \177KERNEL32_NULL_THUNK_DATA 100c53a0     kernel32:KERNEL32.dll

 entry point at        0002:00000ce4

